Archive member included to satisfy reference by file (symbol)

c:/Users/brian.hindman/Documents/svnWorkspace/CDCACM_Serial_Demo/trunk/build/PeriphDriver/PeriphDriver.a(gpio.o)
                              c:/Users/brian.hindman/Documents/svnWorkspace/CDCACM_Serial_Demo/trunk/build/led.o (GPIO_Config)
c:/Users/brian.hindman/Documents/svnWorkspace/CDCACM_Serial_Demo/trunk/build/PeriphDriver/PeriphDriver.a(lp.o)
                              c:/Users/brian.hindman/Documents/svnWorkspace/CDCACM_Serial_Demo/trunk/build/main.o (LP_EnterLP2)
c:/Users/brian.hindman/Documents/svnWorkspace/CDCACM_Serial_Demo/trunk/build/PeriphDriver/PeriphDriver.a(mxc_sys.o)
                              c:/Users/brian.hindman/Documents/svnWorkspace/CDCACM_Serial_Demo/trunk/build/PeriphDriver/PeriphDriver.a(gpio.o) (SYS_GPIO_Init)
c:/Users/brian.hindman/Documents/svnWorkspace/CDCACM_Serial_Demo/trunk/build/PeriphDriver/PeriphDriver.a(uart.o)
                              c:/Users/brian.hindman/Documents/svnWorkspace/CDCACM_Serial_Demo/trunk/build/main.o (UART_Init)
c:/Users/brian.hindman/Documents/svnWorkspace/CDCACM_Serial_Demo/trunk/build/PeriphDriver/PeriphDriver.a(clkman.o)
                              c:/Users/brian.hindman/Documents/svnWorkspace/CDCACM_Serial_Demo/trunk/build/PeriphDriver/PeriphDriver.a(mxc_sys.o) (CLKMAN_CryptoClockEnable)
c:/Users/brian.hindman/Documents/svnWorkspace/CDCACM_Serial_Demo/trunk/build/PeriphDriver/PeriphDriver.a(ioman.o)
                              c:/Users/brian.hindman/Documents/svnWorkspace/CDCACM_Serial_Demo/trunk/build/PeriphDriver/PeriphDriver.a(mxc_sys.o) (IOMAN_Config)
c:/Users/brian.hindman/Documents/svnWorkspace/CDCACM_Serial_Demo/trunk/build/PeriphDriver/PeriphDriver.a(mxc_lock.o)
                              c:/Users/brian.hindman/Documents/svnWorkspace/CDCACM_Serial_Demo/trunk/build/PeriphDriver/PeriphDriver.a(uart.o) (mxc_get_lock)
c:/Users/brian.hindman/Documents/svnWorkspace/CDCACM_Serial_Demo/trunk/build/MAXUSB/maxusb.a(usb.o)
                              c:/Users/brian.hindman/Documents/svnWorkspace/CDCACM_Serial_Demo/trunk/build/main.o (usb_init)
c:/Users/brian.hindman/Documents/svnWorkspace/CDCACM_Serial_Demo/trunk/build/MAXUSB/maxusb.a(usb_event.o)
                              c:/Users/brian.hindman/Documents/svnWorkspace/CDCACM_Serial_Demo/trunk/build/main.o (usb_event_enable)
c:/Users/brian.hindman/Documents/svnWorkspace/CDCACM_Serial_Demo/trunk/build/MAXUSB/maxusb.a(enumerate.o)
                              c:/Users/brian.hindman/Documents/svnWorkspace/CDCACM_Serial_Demo/trunk/build/main.o (enum_init)
c:/Users/brian.hindman/Documents/svnWorkspace/CDCACM_Serial_Demo/trunk/build/MAXUSB/maxusb.a(cdc_acm.o)
                              c:/Users/brian.hindman/Documents/svnWorkspace/CDCACM_Serial_Demo/trunk/build/main.o (acm_init)
c:/Users/brian.hindman/Documents/svnWorkspace/CDCACM_Serial_Demo/trunk/build/MAXUSB/maxusb.a(fifo.o)
                              c:/Users/brian.hindman/Documents/svnWorkspace/CDCACM_Serial_Demo/trunk/build/MAXUSB/maxusb.a(cdc_acm.o) (fifo_init)
c:/maxim/toolchain/bin/../lib/gcc/arm-none-eabi/6.3.1/../../../../arm-none-eabi/lib/thumb/v7e-m/fpv4-sp/softfp\libc.a(lib_a-errno.o)
                              c:/Users/brian.hindman/Documents/svnWorkspace/CDCACM_Serial_Demo/trunk/build/stdio.o (__errno)
c:/maxim/toolchain/bin/../lib/gcc/arm-none-eabi/6.3.1/../../../../arm-none-eabi/lib/thumb/v7e-m/fpv4-sp/softfp\libc.a(lib_a-exit.o)
                              c:/maxim/toolchain/bin/../lib/gcc/arm-none-eabi/6.3.1/../../../../arm-none-eabi/lib/thumb/v7e-m/fpv4-sp/softfp/crt0.o (exit)
c:/maxim/toolchain/bin/../lib/gcc/arm-none-eabi/6.3.1/../../../../arm-none-eabi/lib/thumb/v7e-m/fpv4-sp/softfp\libc.a(lib_a-fflush.o)
                              c:/Users/brian.hindman/Documents/svnWorkspace/CDCACM_Serial_Demo/trunk/build/board.o (fflush)
c:/maxim/toolchain/bin/../lib/gcc/arm-none-eabi/6.3.1/../../../../arm-none-eabi/lib/thumb/v7e-m/fpv4-sp/softfp\libc.a(lib_a-findfp.o)
                              c:/maxim/toolchain/bin/../lib/gcc/arm-none-eabi/6.3.1/../../../../arm-none-eabi/lib/thumb/v7e-m/fpv4-sp/softfp\libc.a(lib_a-fflush.o) (__sinit)
c:/maxim/toolchain/bin/../lib/gcc/arm-none-eabi/6.3.1/../../../../arm-none-eabi/lib/thumb/v7e-m/fpv4-sp/softfp\libc.a(lib_a-freer.o)
                              c:/maxim/toolchain/bin/../lib/gcc/arm-none-eabi/6.3.1/../../../../arm-none-eabi/lib/thumb/v7e-m/fpv4-sp/softfp\libc.a(lib_a-fflush.o) (_free_r)
c:/maxim/toolchain/bin/../lib/gcc/arm-none-eabi/6.3.1/../../../../arm-none-eabi/lib/thumb/v7e-m/fpv4-sp/softfp\libc.a(lib_a-fwalk.o)
                              c:/maxim/toolchain/bin/../lib/gcc/arm-none-eabi/6.3.1/../../../../arm-none-eabi/lib/thumb/v7e-m/fpv4-sp/softfp\libc.a(lib_a-findfp.o) (_fwalk)
c:/maxim/toolchain/bin/../lib/gcc/arm-none-eabi/6.3.1/../../../../arm-none-eabi/lib/thumb/v7e-m/fpv4-sp/softfp\libc.a(lib_a-impure.o)
[...]
Memory Configuration

Name             Origin             Length             Attributes
FLASH            0x00000000         0x00200000         xr
SRAM             0x20000000         0x00040000         xrw
*default*        0x00000000         0xffffffff

Linker script and memory map

LOAD c:/maxim/toolchain/bin/../lib/gcc/arm-none-eabi/6.3.1/thumb/v7e-m/fpv4-sp/softfp/crti.o
LOAD c:/maxim/toolchain/bin/../lib/gcc/arm-none-eabi/6.3.1/thumb/v7e-m/fpv4-sp/softfp/crtbegin.o
LOAD c:/maxim/toolchain/bin/../lib/gcc/arm-none-eabi/6.3.1/../../../../arm-none-eabi/lib/thumb/v7e-m/fpv4-sp/softfp/crt0.o
LOAD c:/Users/brian.hindman/Documents/svnWorkspace/CDCACM_Serial_Demo/trunk/build/main.o
LOAD c:/Users/brian.hindman/Documents/svnWorkspace/CDCACM_Serial_Demo/trunk/build/board.o
LOAD c:/Users/brian.hindman/Documents/svnWorkspace/CDCACM_Serial_Demo/trunk/build/stdio.o
LOAD c:/Users/brian.hindman/Documents/svnWorkspace/CDCACM_Serial_Demo/trunk/build/led.o
LOAD c:/Users/brian.hindman/Documents/svnWorkspace/CDCACM_Serial_Demo/trunk/build/pb.o
LOAD c:/Users/brian.hindman/Documents/svnWorkspace/CDCACM_Serial_Demo/trunk/build/startup_max32620.o
LOAD c:/Users/brian.hindman/Documents/svnWorkspace/CDCACM_Serial_Demo/trunk/build/heap.o
LOAD c:/Users/brian.hindman/Documents/svnWorkspace/CDCACM_Serial_Demo/trunk/build/system_max32620.o
START GROUP
LOAD c:/Users/brian.hindman/Documents/svnWorkspace/CDCACM_Serial_Demo/trunk/build/PeriphDriver/PeriphDriver.a
LOAD c:/Users/brian.hindman/Documents/svnWorkspace/CDCACM_Serial_Demo/trunk/build/MAXUSB/maxusb.a
LOAD c:/maxim/toolchain/bin/../lib/gcc/arm-none-eabi/6.3.1/../../../../arm-none-eabi/lib/thumb/v7e-m/fpv4-sp/softfp\libc.a
LOAD c:/maxim/toolchain/bin/../lib/gcc/arm-none-eabi/6.3.1/../../../../arm-none-eabi/lib/thumb/v7e-m/fpv4-sp/softfp\libm.a
LOAD c:/maxim/toolchain/bin/../lib/gcc/arm-none-eabi/6.3.1/../../../../arm-none-eabi/lib/thumb/v7e-m/fpv4-sp/softfp\libnosys.a
END GROUP
START GROUP
LOAD c:/maxim/toolchain/bin/../lib/gcc/arm-none-eabi/6.3.1/thumb/v7e-m/fpv4-sp/softfp\libgcc.a
LOAD c:/maxim/toolchain/bin/../lib/gcc/arm-none-eabi/6.3.1/../../../../arm-none-eabi/lib/thumb/v7e-m/fpv4-sp/softfp\libc.a
END GROUP
LOAD c:/maxim/toolchain/bin/../lib/gcc/arm-none-eabi/6.3.1/thumb/v7e-m/fpv4-sp/softfp/crtend.o
LOAD c:/maxim/toolchain/bin/../lib/gcc/arm-none-eabi/6.3.1/thumb/v7e-m/fpv4-sp/softfp/crtn.o

.text           0x00000000     0x83fc
                0x00000000                _text = .
 *(.isr_vector)
 .isr_vector    0x00000000      0x110 c:/Users/brian.hindman/Documents/svnWorkspace/CDCACM_Serial_Demo/trunk/build/startup_max32620.o
                0x00000000                __isr_vector
 *(.text*)
 .text          0x00000110       0x6c c:/maxim/toolchain/bin/../lib/gcc/arm-none-eabi/6.3.1/thumb/v7e-m/fpv4-sp/softfp/crtbegin.o
 .text.setfeature_callback
                0x0000017c       0x18 c:/Users/brian.hindman/Documents/svnWorkspace/CDCACM_Serial_Demo/trunk/build/main.o
 .text.clrfeature_callback
                0x00000194       0x18 c:/Users/brian.hindman/Documents/svnWorkspace/CDCACM_Serial_Demo/trunk/build/main.o
 .text.usb_read_callback
                0x000001ac       0x10 c:/Users/brian.hindman/Documents/svnWorkspace/CDCACM_Serial_Demo/trunk/build/main.o
 .text.usb_app_wakeup
                0x000001bc       0x34 c:/Users/brian.hindman/Documents/svnWorkspace/CDCACM_Serial_Demo/trunk/build/main.o
 .text.usb_app_sleep
                0x000001f0       0x54 c:/Users/brian.hindman/Documents/svnWorkspace/CDCACM_Serial_Demo/trunk/build/main.o
 .text.event_callback
                0x00000244       0xa8 c:/Users/brian.hindman/Documents/svnWorkspace/CDCACM_Serial_Demo/trunk/build/main.o
 .text.configure_uart
                0x000002ec       0xa4 c:/Users/brian.hindman/Documents/svnWorkspace/CDCACM_Serial_Demo/trunk/build/main.o
 .text.LED_Off  0x00000390       0x48 c:/Users/brian.hindman/Documents/svnWorkspace/CDCACM_Serial_Demo/trunk/build/main.o
 .text.setconfig_callback
                0x000003d8       0x48 c:/Users/brian.hindman/Documents/svnWorkspace/CDCACM_Serial_Demo/trunk/build/main.o
 .text.uart_read_callback
                0x00000420       0x98 c:/Users/brian.hindman/Documents/svnWorkspace/CDCACM_Serial_Demo/trunk/build/main.o
 .text.startup.main
                0x000004b8      0x354 c:/Users/brian.hindman/Documents/svnWorkspace/CDCACM_Serial_Demo/trunk/build/main.o
                0x000004b8                main
 .text.USB_IRQHandler
                0x0000080c        0x4 c:/Users/brian.hindman/Documents/svnWorkspace/CDCACM_Serial_Demo/trunk/build/main.o
                0x0000080c                USB_IRQHandler
 .text.UART1_IRQHandler
                0x00000810        0xc c:/Users/brian.hindman/Documents/svnWorkspace/CDCACM_Serial_Demo/trunk/build/main.o
                0x00000810                UART1_IRQHandler
 .text.mxc_assert
                0x0000081c       0x10 c:/Users/brian.hindman/Documents/svnWorkspace/CDCACM_Serial_Demo/trunk/build/board.o
                0x0000081c                mxc_assert
 .text.Console_Init
                0x0000082c       0x30 c:/Users/brian.hindman/Documents/svnWorkspace/CDCACM_Serial_Demo/trunk/build/board.o
                0x0000082c                Console_Init
 .text.Board_Init
                0x0000085c       0x30 c:/Users/brian.hindman/Documents/svnWorkspace/CDCACM_Serial_Demo/trunk/build/board.o
                0x0000085c                Board_Init
 .text.UART_PutChar
                0x0000088c       0x20 c:/Users/brian.hindman/Documents/svnWorkspace/CDCACM_Serial_Demo/trunk/build/stdio.o
 .text._close   0x000008ac        0x6 c:/Users/brian.hindman/Documents/svnWorkspace/CDCACM_Serial_Demo/trunk/build/stdio.o
                0x000008ac                _close
 .text._isatty  0x000008b2        0x6 c:/Users/brian.hindman/Documents/svnWorkspace/CDCACM_Serial_Demo/trunk/build/stdio.o
                0x000008b2                _isatty
 .text._lseek   0x000008b8        0x6 c:/Users/brian.hindman/Documents/svnWorkspace/CDCACM_Serial_Demo/trunk/build/stdio.o
                0x000008b8                _lseek
 .text._fstat   0x000008be        0x6 c:/Users/brian.hindman/Documents/svnWorkspace/CDCACM_Serial_Demo/trunk/build/stdio.o
                0x000008be                _fstat
 .text._read    0x000008c4       0x40 c:/Users/brian.hindman/Documents/svnWorkspace/CDCACM_Serial_Demo/trunk/build/stdio.o
                0x000008c4                _read
 .text._write   0x00000904       0x3c c:/Users/brian.hindman/Documents/svnWorkspace/CDCACM_Serial_Demo/trunk/build/stdio.o
                0x00000904                _write
 .text.LED_Init
                0x00000940       0x48 c:/Users/brian.hindman/Documents/svnWorkspace/CDCACM_Serial_Demo/trunk/build/led.o
                0x00000940                LED_Init
 .text.PB_Init  0x00000988       0x38 c:/Users/brian.hindman/Documents/svnWorkspace/CDCACM_Serial_Demo/trunk/build/pb.o
                0x00000988                PB_Init
 .text.GPIO_P0_IRQHandler
                0x000009c0        0x6 c:/Users/brian.hindman/Documents/svnWorkspace/CDCACM_Serial_Demo/trunk/build/pb.o
                0x000009c0                GPIO_P0_IRQHandler
 .text.GPIO_P1_IRQHandler
                0x000009c6        0x6 c:/Users/brian.hindman/Documents/svnWorkspace/CDCACM_Serial_Demo/trunk/build/pb.o
                0x000009c6                GPIO_P1_IRQHandler
 .text.GPIO_P2_IRQHandler
                0x000009cc        0x6 c:/Users/brian.hindman/Documents/svnWorkspace/CDCACM_Serial_Demo/trunk/build/pb.o
                0x000009cc                GPIO_P2_IRQHandler
 .text.GPIO_P3_IRQHandler
                0x000009d2        0x6 c:/Users/brian.hindman/Documents/svnWorkspace/CDCACM_Serial_Demo/trunk/build/pb.o
                0x000009d2                GPIO_P3_IRQHandler
 .text.GPIO_P4_IRQHandler
                0x000009d8        0x6 c:/Users/brian.hindman/Documents/svnWorkspace/CDCACM_Serial_Demo/trunk/build/pb.o
                0x000009d8                GPIO_P4_IRQHandler
 .text.GPIO_P5_IRQHandler
                0x000009de        0x6 c:/Users/brian.hindman/Documents/svnWorkspace/CDCACM_Serial_Demo/trunk/build/pb.o
                0x000009de                GPIO_P5_IRQHandler
 .text.GPIO_P6_IRQHandler
                0x000009e4        0x6 c:/Users/brian.hindman/Documents/svnWorkspace/CDCACM_Serial_Demo/trunk/build/pb.o
                0x000009e4                GPIO_P6_IRQHandler
 .text.GPIO_P7_IRQHandler
                0x000009ea        0x6 c:/Users/brian.hindman/Documents/svnWorkspace/CDCACM_Serial_Demo/trunk/build/pb.o
                0x000009ea                GPIO_P7_IRQHandler
 .text.GPIO_P8_IRQHandler
                0x000009f0        0x6 c:/Users/brian.hindman/Documents/svnWorkspace/CDCACM_Serial_Demo/trunk/build/pb.o
                0x000009f0                GPIO_P8_IRQHandler
 *fill*         0x000009f6        0x2 
 .text          0x000009f8       0xe4 c:/Users/brian.hindman/Documents/svnWorkspace/CDCACM_Serial_Demo/trunk/build/startup_max32620.o
                0x000009f8                Reset_Handler
                0x00000a36                NMI_Handler
                0x00000a38                HardFault_Handler
                0x00000a3a                MemManage_Handler
                0x00000a3c                BusFault_Handler
                0x00000a3e                UsageFault_Handler
                0x00000a40                SVC_Handler
                0x00000a42                DebugMon_Handler
                0x00000a44                PendSV_Handler
                0x00000a46                SysTick_Handler
                0x00000a48                Default_Handler
                0x00000a4a                CLKMAN_IRQHandler
                0x00000a4c                PWRMAN_IRQHandler
                0x00000a4e                FLC_IRQHandler
                0x00000a50                RTC0_IRQHandler
                0x00000a52                RTC1_IRQHandler
                0x00000a54                RTC2_IRQHandler
                0x00000a56                RTC3_IRQHandler
                0x00000a58                PMU_IRQHandler
                0x00000a5c                AES_IRQHandler
                0x00000a5e                MAA_IRQHandler
                0x00000a60                WDT0_IRQHandler
                0x00000a62                WDT0_P_IRQHandler
                0x00000a64                WDT1_IRQHandler
                0x00000a66                WDT1_P_IRQHandler
                0x00000a76                TMR0_IRQHandler
                0x00000a78                TMR16_0_IRQHandler
                0x00000a7a                TMR1_IRQHandler
                0x00000a7c                TMR16_1_IRQHandler
                0x00000a7e                TMR2_IRQHandler
                0x00000a80                TMR16_2_IRQHandler
                0x00000a82                TMR3_IRQHandler
                0x00000a84                TMR16_3_IRQHandler
                0x00000a86                TMR4_IRQHandler
                0x00000a88                TMR16_4_IRQHandler
                0x00000a8a                TMR5_IRQHandler
                0x00000a8c                TMR16_5_IRQHandler
                0x00000a8e                UART0_IRQHandler
                0x00000a92                UART2_IRQHandler
                0x00000a94                UART3_IRQHandler
                0x00000a96                PT_IRQHandler
                0x00000a98                I2CM0_IRQHandler
                0x00000a9a                I2CM1_IRQHandler
                0x00000a9c                I2CM2_IRQHandler
                0x00000a9e                I2CS_IRQHandler
                0x00000aa0                SPIM0_IRQHandler
                0x00000aa2                SPIM1_IRQHandler
                0x00000aa4                SPIM2_IRQHandler
                0x00000aa6                SPIB_IRQHandler
                0x00000aa8                OWM_IRQHandler
                0x00000aaa                AFE_IRQHandler
                0x00000aac                SPIS_IRQHandler
 .text._sbrk    0x00000adc       0x38 c:/Users/brian.hindman/Documents/svnWorkspace/CDCACM_Serial_Demo/trunk/build/heap.o
                0x00000adc                _sbrk
 .text.SystemCoreClockUpdate
                0x00000b14       0x44 c:/Users/brian.hindman/Documents/svnWorkspace/CDCACM_Serial_Demo/trunk/build/system_max32620.o
                0x00000b14                SystemCoreClockUpdate
 .text.CLKMAN_TrimRO
                0x00000b58       0xb0 c:/Users/brian.hindman/Documents/svnWorkspace/CDCACM_Serial_Demo/trunk/build/system_max32620.o
                0x00000b58                CLKMAN_TrimRO
 .text.PreInit  0x00000c08       0x30 c:/Users/brian.hindman/Documents/svnWorkspace/CDCACM_Serial_Demo/trunk/build/system_max32620.o
                0x00000c08                PreInit
 .text.SystemInit
                0x00000c38      0x144 c:/Users/brian.hindman/Documents/svnWorkspace/CDCACM_Serial_Demo/trunk/build/system_max32620.o
                0x00000c38                SystemInit
 .text.GPIO_Config
                0x00000d7c       0xcc c:/Users/brian.hindman/Documents/svnWorkspace/CDCACM_Serial_Demo/trunk/build/PeriphDriver/PeriphDriver.a(gpio.o)
                0x00000d7c                GPIO_Config
 .text.GPIO_Handler
                0x00000e48       0x64 c:/Users/brian.hindman/Documents/svnWorkspace/CDCACM_Serial_Demo/trunk/build/PeriphDriver/PeriphDriver.a(gpio.o)
                0x00000e48                GPIO_Handler
 .text.LP_EnterLP2
                0x00000eac       0x14 c:/Users/brian.hindman/Documents/svnWorkspace/CDCACM_Serial_Demo/trunk/build/PeriphDriver/PeriphDriver.a(lp.o)
                0x00000eac                LP_EnterLP2
 .text.SYS_GetFreq
                0x00000ec0       0x18 c:/Users/brian.hindman/Documents/svnWorkspace/CDCACM_Serial_Demo/trunk/build/PeriphDriver/PeriphDriver.a(mxc_sys.o)
                0x00000ec0                SYS_GetFreq
 .text.SYS_GPIO_Init
                0x00000ed8       0x16 c:/Users/brian.hindman/Documents/svnWorkspace/CDCACM_Serial_Demo/trunk/build/PeriphDriver/PeriphDriver.a(mxc_sys.o)
                0x00000ed8                SYS_GPIO_Init
 *fill*         0x00000eee        0x2 
 .text.SYS_UART_Init
                0x00000ef0       0xb4 c:/Users/brian.hindman/Documents/svnWorkspace/CDCACM_Serial_Demo/trunk/build/PeriphDriver/PeriphDriver.a(mxc_sys.o)
                0x00000ef0                SYS_UART_Init
 .text.SYS_UART_GetFreq
                0x00000fa4       0x10 c:/Users/brian.hindman/Documents/svnWorkspace/CDCACM_Serial_Demo/trunk/build/PeriphDriver/PeriphDriver.a(mxc_sys.o)
                0x00000fa4                SYS_UART_GetFreq
 .text.SYS_USB_Enable
                0x00000fb4       0x24 c:/Users/brian.hindman/Documents/svnWorkspace/CDCACM_Serial_Demo/trunk/build/PeriphDriver/PeriphDriver.a(mxc_sys.o)
                0x00000fb4                SYS_USB_Enable
 .text.UART_WriteHandler
                0x00000fd8       0x98 c:/Users/brian.hindman/Documents/svnWorkspace/CDCACM_Serial_Demo/trunk/build/PeriphDriver/PeriphDriver.a(uart.o)
 .text.UART_ReadHandler
                0x00001070       0xe8 c:/Users/brian.hindman/Documents/svnWorkspace/CDCACM_Serial_Demo/trunk/build/PeriphDriver/PeriphDriver.a(uart.o)
 .text.UART_Init
                0x00001158      0x144 c:/Users/brian.hindman/Documents/svnWorkspace/CDCACM_Serial_Demo/trunk/build/PeriphDriver/PeriphDriver.a(uart.o)
                0x00001158                UART_Init
 .text.UART_Write
                0x0000129c       0xd8 c:/Users/brian.hindman/Documents/svnWorkspace/CDCACM_Serial_Demo/trunk/build/PeriphDriver/PeriphDriver.a(uart.o)
                0x0000129c                UART_Write
 .text.UART_Read
                0x00001374      0x138 c:/Users/brian.hindman/Documents/svnWorkspace/CDCACM_Serial_Demo/trunk/build/PeriphDriver/PeriphDriver.a(uart.o)
                0x00001374                UART_Read
 .text.UART_ReadAsync
                0x000014ac       0x98 c:/Users/brian.hindman/Documents/svnWorkspace/CDCACM_Serial_Demo/trunk/build/PeriphDriver/PeriphDriver.a(uart.o)
                0x000014ac                UART_ReadAsync
 .text.UART_Handler
                0x00001544       0x90 c:/Users/brian.hindman/Documents/svnWorkspace/CDCACM_Serial_Demo/trunk/build/PeriphDriver/PeriphDriver.a(uart.o)
                0x00001544                UART_Handler
 .text.CLKMAN_SetClkScale
                0x000015d4       0x44 c:/Users/brian.hindman/Documents/svnWorkspace/CDCACM_Serial_Demo/trunk/build/PeriphDriver/PeriphDriver.a(clkman.o)
                0x000015d4                CLKMAN_SetClkScale
 .text.CLKMAN_GetClkScale
                0x00001618       0x38 c:/Users/brian.hindman/Documents/svnWorkspace/CDCACM_Serial_Demo/trunk/build/PeriphDriver/PeriphDriver.a(clkman.o)
                0x00001618                CLKMAN_GetClkScale
 .text.CLKMAN_ClockGate
                0x00001650       0x18 c:/Users/brian.hindman/Documents/svnWorkspace/CDCACM_Serial_Demo/trunk/build/PeriphDriver/PeriphDriver.a(clkman.o)
                0x00001650                CLKMAN_ClockGate
 .text.IOMAN_Config
                0x00001668       0x40 c:/Users/brian.hindman/Documents/svnWorkspace/CDCACM_Serial_Demo/trunk/build/PeriphDriver/PeriphDriver.a(ioman.o)
                0x00001668                IOMAN_Config
 .text.mxc_get_lock
                0x000016a8       0x1c c:/Users/brian.hindman/Documents/svnWorkspace/CDCACM_Serial_Demo/trunk/build/PeriphDriver/PeriphDriver.a(mxc_lock.o)
                0x000016a8                mxc_get_lock
 .text.mxc_free_lock
                0x000016c4        0xa c:/Users/brian.hindman/Documents/svnWorkspace/CDCACM_Serial_Demo/trunk/build/PeriphDriver/PeriphDriver.a(mxc_lock.o)
                0x000016c4                mxc_free_lock
 *fill*         0x000016ce        0x2 
 .text.usb_init
                0x000016d0       0x4c c:/Users/brian.hindman/Documents/svnWorkspace/CDCACM_Serial_Demo/trunk/build/MAXUSB/maxusb.a(usb.o)
                0x000016d0                usb_init
 .text.usb_connect
                0x0000171c       0x30 c:/Users/brian.hindman/Documents/svnWorkspace/CDCACM_Serial_Demo/trunk/build/MAXUSB/maxusb.a(usb.o)
                0x0000171c                usb_connect
 .text.usb_disconnect
                0x0000174c       0x18 c:/Users/brian.hindman/Documents/svnWorkspace/CDCACM_Serial_Demo/trunk/build/MAXUSB/maxusb.a(usb.o)
                0x0000174c                usb_disconnect
 .text.usb_config_ep
                0x00001764       0x30 c:/Users/brian.hindman/Documents/svnWorkspace/CDCACM_Serial_Demo/trunk/build/MAXUSB/maxusb.a(usb.o)
                0x00001764                usb_config_ep
 .text.usb_stall
                0x00001794       0x50 c:/Users/brian.hindman/Documents/svnWorkspace/CDCACM_Serial_Demo/trunk/build/MAXUSB/maxusb.a(usb.o)
                0x00001794                usb_stall
 .text.usb_unstall
                0x000017e4       0x50 c:/Users/brian.hindman/Documents/svnWorkspace/CDCACM_Serial_Demo/trunk/build/MAXUSB/maxusb.a(usb.o)
                0x000017e4                usb_unstall
 .text.usb_is_stalled
                0x00001834       0x14 c:/Users/brian.hindman/Documents/svnWorkspace/CDCACM_Serial_Demo/trunk/build/MAXUSB/maxusb.a(usb.o)
                0x00001834                usb_is_stalled
 .text.usb_reset_ep
                0x00001848       0x58 c:/Users/brian.hindman/Documents/svnWorkspace/CDCACM_Serial_Demo/trunk/build/MAXUSB/maxusb.a(usb.o)
                0x00001848                usb_reset_ep
 .text.usb_ackstat
                0x000018a0       0x1a c:/Users/brian.hindman/Documents/svnWorkspace/CDCACM_Serial_Demo/trunk/build/MAXUSB/maxusb.a(usb.o)
                0x000018a0                usb_ackstat
 *fill*         0x000018ba        0x2 
 .text.usb_irq_handler
                0x000018bc      0x1b4 c:/Users/brian.hindman/Documents/svnWorkspace/CDCACM_Serial_Demo/trunk/build/MAXUSB/maxusb.a(usb.o)
                0x000018bc                usb_irq_handler
 .text.usb_irq_enable
                0x00001a70       0x24 c:/Users/brian.hindman/Documents/svnWorkspace/CDCACM_Serial_Demo/trunk/build/MAXUSB/maxusb.a(usb.o)
                0x00001a70                usb_irq_enable
 .text.usb_irq_disable
                0x00001a94       0x28 c:/Users/brian.hindman/Documents/svnWorkspace/CDCACM_Serial_Demo/trunk/build/MAXUSB/maxusb.a(usb.o)
                0x00001a94                usb_irq_disable
 .text.usb_irq_clear
                0x00001abc       0x20 c:/Users/brian.hindman/Documents/svnWorkspace/CDCACM_Serial_Demo/trunk/build/MAXUSB/maxusb.a(usb.o)
                0x00001abc                usb_irq_clear
 .text.usb_get_setup
                0x00001adc       0x14 c:/Users/brian.hindman/Documents/svnWorkspace/CDCACM_Serial_Demo/trunk/build/MAXUSB/maxusb.a(usb.o)
                0x00001adc                usb_get_setup
 .text.usb_set_func_addr
                0x00001af0        0x4 c:/Users/brian.hindman/Documents/svnWorkspace/CDCACM_Serial_Demo/trunk/build/MAXUSB/maxusb.a(usb.o)
                0x00001af0                usb_set_func_addr
 .text.usb_remove_request
                0x00001af4       0x50 c:/Users/brian.hindman/Documents/svnWorkspace/CDCACM_Serial_Demo/trunk/build/MAXUSB/maxusb.a(usb.o)
                0x00001af4                usb_remove_request
 .text.usb_write_endpoint
                0x00001b44       0x80 c:/Users/brian.hindman/Documents/svnWorkspace/CDCACM_Serial_Demo/trunk/build/MAXUSB/maxusb.a(usb.o)
                0x00001b44                usb_write_endpoint
 .text.usb_read_endpoint
                0x00001bc4       0x84 c:/Users/brian.hindman/Documents/svnWorkspace/CDCACM_Serial_Demo/trunk/build/MAXUSB/maxusb.a(usb.o)
                0x00001bc4                usb_read_endpoint
 .text.usb_event_enable
                0x00001c48       0x2c c:/Users/brian.hindman/Documents/svnWorkspace/CDCACM_Serial_Demo/trunk/build/MAXUSB/maxusb.a(usb_event.o)
                0x00001c48                usb_event_enable
 .text.usb_event_disable
                0x00001c74       0x28 c:/Users/brian.hindman/Documents/svnWorkspace/CDCACM_Serial_Demo/trunk/build/MAXUSB/maxusb.a(usb_event.o)
                0x00001c74                usb_event_disable
 .text.usb_event_clear
                0x00001c9c        0xe c:/Users/brian.hindman/Documents/svnWorkspace/CDCACM_Serial_Demo/trunk/build/MAXUSB/maxusb.a(usb_event.o)
                0x00001c9c                usb_event_clear
 *fill*         0x00001caa        0x2 
 .text.usb_event_handler
                0x00001cac       0xbc c:/Users/brian.hindman/Documents/svnWorkspace/CDCACM_Serial_Demo/trunk/build/MAXUSB/maxusb.a(usb_event.o)
                0x00001cac                usb_event_handler
 .text.status_stage_callback
                0x00001d68       0x22 c:/Users/brian.hindman/Documents/svnWorkspace/CDCACM_Serial_Demo/trunk/build/MAXUSB/maxusb.a(enumerate.o)
 *fill*         0x00001d8a        0x2 
 .text.setup    0x00001d8c      0x3e8 c:/Users/brian.hindman/Documents/svnWorkspace/CDCACM_Serial_Demo/trunk/build/MAXUSB/maxusb.a(enumerate.o)
 .text.enum_init
                0x00002174       0x38 c:/Users/brian.hindman/Documents/svnWorkspace/CDCACM_Serial_Demo/trunk/build/MAXUSB/maxusb.a(enumerate.o)
                0x00002174                enum_init
 .text.enum_register_callback
                0x000021ac       0x20 c:/Users/brian.hindman/Documents/svnWorkspace/CDCACM_Serial_Demo/trunk/build/MAXUSB/maxusb.a(enumerate.o)
                0x000021ac                enum_register_callback
 .text.enum_register_descriptor
                0x000021cc       0x40 c:/Users/brian.hindman/Documents/svnWorkspace/CDCACM_Serial_Demo/trunk/build/MAXUSB/maxusb.a(enumerate.o)
                0x000021cc                enum_register_descriptor
 .text.enum_clearconfig
                0x0000220c        0xc c:/Users/brian.hindman/Documents/svnWorkspace/CDCACM_Serial_Demo/trunk/build/MAXUSB/maxusb.a(enumerate.o)
                0x0000220c                enum_clearconfig
 .text.set_line_coding_callback
                0x00002218       0x2c c:/Users/brian.hindman/Documents/svnWorkspace/CDCACM_Serial_Demo/trunk/build/MAXUSB/maxusb.a(cdc_acm.o)
 .text.get_line_coding_callback
                0x00002244        0xe c:/Users/brian.hindman/Documents/svnWorkspace/CDCACM_Serial_Demo/trunk/build/MAXUSB/maxusb.a(cdc_acm.o)
 *fill*         0x00002252        0x2 
 .text.class_req
                0x00002254       0xf0 c:/Users/brian.hindman/Documents/svnWorkspace/CDCACM_Serial_Demo/trunk/build/MAXUSB/maxusb.a(cdc_acm.o)
 .text.svc_out_from_host
                0x00002344       0x88 c:/Users/brian.hindman/Documents/svnWorkspace/CDCACM_Serial_Demo/trunk/build/MAXUSB/maxusb.a(cdc_acm.o)
 .text.out_callback
                0x000023cc       0x10 c:/Users/brian.hindman/Documents/svnWorkspace/CDCACM_Serial_Demo/trunk/build/MAXUSB/maxusb.a(cdc_acm.o)
 .text.svc_in_to_host
                0x000023dc       0x64 c:/Users/brian.hindman/Documents/svnWorkspace/CDCACM_Serial_Demo/trunk/build/MAXUSB/maxusb.a(cdc_acm.o)
 .text.acm_init
                0x00002440       0x3c c:/Users/brian.hindman/Documents/svnWorkspace/CDCACM_Serial_Demo/trunk/build/MAXUSB/maxusb.a(cdc_acm.o)
                0x00002440                acm_init
 .text.acm_register_callback
                0x0000247c       0x18 c:/Users/brian.hindman/Documents/svnWorkspace/CDCACM_Serial_Demo/trunk/build/MAXUSB/maxusb.a(cdc_acm.o)
                0x0000247c                acm_register_callback
 .text.acm_deconfigure
                0x00002494       0x60 c:/Users/brian.hindman/Documents/svnWorkspace/CDCACM_Serial_Demo/trunk/build/MAXUSB/maxusb.a(cdc_acm.o)
                0x00002494                acm_deconfigure
 .text.acm_configure
                0x000024f4      0x120 c:/Users/brian.hindman/Documents/svnWorkspace/CDCACM_Serial_Demo/trunk/build/MAXUSB/maxusb.a(cdc_acm.o)
                0x000024f4                acm_configure
 .text.acm_present
                0x00002614        0xc c:/Users/brian.hindman/Documents/svnWorkspace/CDCACM_Serial_Demo/trunk/build/MAXUSB/maxusb.a(cdc_acm.o)
                0x00002614                acm_present
 .text.acm_line_coding
                0x00002620        0x8 c:/Users/brian.hindman/Documents/svnWorkspace/CDCACM_Serial_Demo/trunk/build/MAXUSB/maxusb.a(cdc_acm.o)
                0x00002620                acm_line_coding
 .text.acm_canread
                0x00002628       0x14 c:/Users/brian.hindman/Documents/svnWorkspace/CDCACM_Serial_Demo/trunk/build/MAXUSB/maxusb.a(cdc_acm.o)
                0x00002628                acm_canread
 .text.acm_read
                0x0000263c       0x60 c:/Users/brian.hindman/Documents/svnWorkspace/CDCACM_Serial_Demo/trunk/build/MAXUSB/maxusb.a(cdc_acm.o)
                0x0000263c                acm_read
 .text.acm_write
                0x0000269c       0x48 c:/Users/brian.hindman/Documents/svnWorkspace/CDCACM_Serial_Demo/trunk/build/MAXUSB/maxusb.a(cdc_acm.o)
                0x0000269c                acm_write
 .text.fifo_init
                0x000026e4       0x10 c:/Users/brian.hindman/Documents/svnWorkspace/CDCACM_Serial_Demo/trunk/build/MAXUSB/maxusb.a(fifo.o)
                0x000026e4                fifo_init
 .text.fifo_put8
                0x000026f4       0x3a c:/Users/brian.hindman/Documents/svnWorkspace/CDCACM_Serial_Demo/trunk/build/MAXUSB/maxusb.a(fifo.o)
                0x000026f4                fifo_put8
 .text.fifo_get8
                0x0000272e       0x2e c:/Users/brian.hindman/Documents/svnWorkspace/CDCACM_Serial_Demo/trunk/build/MAXUSB/maxusb.a(fifo.o)
                0x0000272e                fifo_get8
 .text.fifo_clear
                0x0000275c        0xc c:/Users/brian.hindman/Documents/svnWorkspace/CDCACM_Serial_Demo/trunk/build/MAXUSB/maxusb.a(fifo.o)
                0x0000275c                fifo_clear
 .text.fifo_empty
                0x00002768        0xc c:/Users/brian.hindman/Documents/svnWorkspace/CDCACM_Serial_Demo/trunk/build/MAXUSB/maxusb.a(fifo.o)
                0x00002768                fifo_empty
 .text.fifo_level
                0x00002774       0x18 c:/Users/brian.hindman/Documents/svnWorkspace/CDCACM_Serial_Demo/trunk/build/MAXUSB/maxusb.a(fifo.o)
                0x00002774                fifo_level
 .text.__errno  0x0000278c        0xc c:/maxim/toolchain/bin/../lib/gcc/arm-none-eabi/6.3.1/../../../../arm-none-eabi/lib/thumb/v7e-m/fpv4-sp/softfp\libc.a(lib_a-errno.o)
                0x0000278c                __errno
 .text.__sflush_r
                0x00002798      0x140 c:/maxim/toolchain/bin/../lib/gcc/arm-none-eabi/6.3.1/../../../../arm-none-eabi/lib/thumb/v7e-m/fpv4-sp/softfp\libc.a(lib_a-fflush.o)
                0x00002798                __sflush_r
 .text._fflush_r
                0x000028d8       0x54 c:/maxim/toolchain/bin/../lib/gcc/arm-none-eabi/6.3.1/../../../../arm-none-eabi/lib/thumb/v7e-m/fpv4-sp/softfp\libc.a(lib_a-fflush.o)
                0x000028d8                _fflush_r
 .text._cleanup_r
                0x0000292c        0xc c:/maxim/toolchain/bin/../lib/gcc/arm-none-eabi/6.3.1/../../../../arm-none-eabi/lib/thumb/v7e-m/fpv4-sp/softfp\libc.a(lib_a-findfp.o)
                0x0000292c                _cleanup_r
 .text.std.isra.0
                0x00002938       0x50 c:/maxim/toolchain/bin/../lib/gcc/arm-none-eabi/6.3.1/../../../../arm-none-eabi/lib/thumb/v7e-m/fpv4-sp/softfp\libc.a(lib_a-findfp.o)
 .text.__sinit  0x00002988       0x58 c:/maxim/toolchain/bin/../lib/gcc/arm-none-eabi/6.3.1/../../../../arm-none-eabi/lib/thumb/v7e-m/fpv4-sp/softfp\libc.a(lib_a-findfp.o)
                0x00002988                __sinit
 .text.__sfp_lock_acquire
                0x000029e0        0xc c:/maxim/toolchain/bin/../lib/gcc/arm-none-eabi/6.3.1/../../../../arm-none-eabi/lib/thumb/v7e-m/fpv4-sp/softfp\libc.a(lib_a-findfp.o)
                0x000029e0                __sfp_lock_acquire
 .text.__sfp_lock_release
                0x000029ec        0xc c:/maxim/toolchain/bin/../lib/gcc/arm-none-eabi/6.3.1/../../../../arm-none-eabi/lib/thumb/v7e-m/fpv4-sp/softfp\libc.a(lib_a-findfp.o)
                0x000029ec                __sfp_lock_release
 .text._malloc_trim_r
                0x000029f8       0xa0 c:/maxim/toolchain/bin/../lib/gcc/arm-none-eabi/6.3.1/../../../../arm-none-eabi/lib/thumb/v7e-m/fpv4-sp/softfp\libc.a(lib_a-freer.o)
                0x000029f8                _malloc_trim_r
 .text._free_r  0x00002a98      0x1cc c:/maxim/toolchain/bin/../lib/gcc/arm-none-eabi/6.3.1/../../../../arm-none-eabi/lib/thumb/v7e-m/fpv4-sp/softfp\libc.a(lib_a-freer.o)
                0x00002a98                _free_r
 .text._fwalk_reent
                0x00002c64       0x54 c:/maxim/toolchain/bin/../lib/gcc/arm-none-eabi/6.3.1/../../../../arm-none-eabi/lib/thumb/v7e-m/fpv4-sp/softfp\libc.a(lib_a-fwalk.o)
                0x00002c64                _fwalk_reent
 .text.__libc_init_array
                0x00002cb8       0x50 c:/maxim/toolchain/bin/../lib/gcc/arm-none-eabi/6.3.1/../../../../arm-none-eabi/lib/thumb/v7e-m/fpv4-sp/softfp\libc.a(lib_a-init.o)
                0x00002cb8                __libc_init_array
 .text.__retarget_lock_init_recursive
                0x00002d08        0x4 c:/maxim/toolchain/bin/../lib/gcc/arm-none-eabi/6.3.1/../../../../arm-none-eabi/lib/thumb/v7e-m/fpv4-sp/softfp\libc.a(lib_a-lock.o)
                0x00002d08                __retarget_lock_init_recursive
 .text.__retarget_lock_close_recursive
                0x00002d0c        0x4 c:/maxim/toolchain/bin/../lib/gcc/arm-none-eabi/6.3.1/../../../../arm-none-eabi/lib/thumb/v7e-m/fpv4-sp/softfp\libc.a(lib_a-lock.o)
                0x00002d0c                __retarget_lock_close_recursive
 .text.__retarget_lock_acquire_recursive
                0x00002d10        0x4 c:/maxim/toolchain/bin/../lib/gcc/arm-none-eabi/6.3.1/../../../../arm-none-eabi/lib/thumb/v7e-m/fpv4-sp/softfp\libc.a(lib_a-lock.o)
                0x00002d10                __retarget_lock_acquire_recursive
 .text.__retarget_lock_release_recursive
                0x00002d14        0x4 c:/maxim/toolchain/bin/../lib/gcc/arm-none-eabi/6.3.1/../../../../arm-none-eabi/lib/thumb/v7e-m/fpv4-sp/softfp\libc.a(lib_a-lock.o)
                0x00002d14                __retarget_lock_release_recursive
 .text._malloc_r
                0x00002d18      0x560 c:/maxim/toolchain/bin/../lib/gcc/arm-none-eabi/6.3.1/../../../../arm-none-eabi/lib/thumb/v7e-m/fpv4-sp/softfp\libc.a(lib_a-mallocr.o)
                0x00002d18                _malloc_r
 .text.memset   0x00003278       0x9c c:/maxim/toolchain/bin/../lib/gcc/arm-none-eabi/6.3.1/../../../../arm-none-eabi/lib/thumb/v7e-m/fpv4-sp/softfp\libc.a(lib_a-memset.o)
                0x00003278                memset
 .text.__malloc_lock
                0x00003314        0xc c:/maxim/toolchain/bin/../lib/gcc/arm-none-eabi/6.3.1/../../../../arm-none-eabi/lib/thumb/v7e-m/fpv4-sp/softfp\libc.a(lib_a-mlock.o)
                0x00003314                __malloc_lock
 .text.__malloc_unlock
                0x00003320        0xc c:/maxim/toolchain/bin/../lib/gcc/arm-none-eabi/6.3.1/../../../../arm-none-eabi/lib/thumb/v7e-m/fpv4-sp/softfp\libc.a(lib_a-mlock.o)
                0x00003320                __malloc_unlock
 .text.printf   0x0000332c       0x28 c:/maxim/toolchain/bin/../lib/gcc/arm-none-eabi/6.3.1/../../../../arm-none-eabi/lib/thumb/v7e-m/fpv4-sp/softfp\libc.a(lib_a-printf.o)
                0x0000332c                printf
 .text._puts_r  0x00003354       0x9c c:/maxim/toolchain/bin/../lib/gcc/arm-none-eabi/6.3.1/../../../../arm-none-eabi/lib/thumb/v7e-m/fpv4-sp/softfp\libc.a(lib_a-puts.o)
                0x00003354                _puts_r
 .text.puts     0x000033f0       0x10 c:/maxim/toolchain/bin/../lib/gcc/arm-none-eabi/6.3.1/../../../../arm-none-eabi/lib/thumb/v7e-m/fpv4-sp/softfp\libc.a(lib_a-puts.o)
                0x000033f0                puts
 .text._sbrk_r  0x00003400       0x24 c:/maxim/toolchain/bin/../lib/gcc/arm-none-eabi/6.3.1/../../../../arm-none-eabi/lib/thumb/v7e-m/fpv4-sp/softfp\libc.a(lib_a-sbrkr.o)
                0x00003400                _sbrk_r
 .text.__sread  0x00003424       0x24 c:/maxim/toolchain/bin/../lib/gcc/arm-none-eabi/6.3.1/../../../../arm-none-eabi/lib/thumb/v7e-m/fpv4-sp/softfp\libc.a(lib_a-stdio.o)
                0x00003424                __sread
 .text.__swrite
                0x00003448       0x3c c:/maxim/toolchain/bin/../lib/gcc/arm-none-eabi/6.3.1/../../../../arm-none-eabi/lib/thumb/v7e-m/fpv4-sp/softfp\libc.a(lib_a-stdio.o)
                0x00003448                __swrite
 .text.__sseek  0x00003484       0x20 c:/maxim/toolchain/bin/../lib/gcc/arm-none-eabi/6.3.1/../../../../arm-none-eabi/lib/thumb/v7e-m/fpv4-sp/softfp\libc.a(lib_a-stdio.o)
                0x00003484                __sseek
 .text.__sclose
                0x000034a4        0x8 c:/maxim/toolchain/bin/../lib/gcc/arm-none-eabi/6.3.1/../../../../arm-none-eabi/lib/thumb/v7e-m/fpv4-sp/softfp\libc.a(lib_a-stdio.o)
                0x000034a4                __sclose
 *fill*         0x000034ac       0x14 
 .text          0x000034c0       0xdc c:/maxim/toolchain/bin/../lib/gcc/arm-none-eabi/6.3.1/../../../../arm-none-eabi/lib/thumb/v7e-m/fpv4-sp/softfp\libc.a(lib_a-strlen.o)
                0x000034c0                strlen
 *fill*         0x0000359c        0x4 
 .text._vfprintf_r
                0x000035a0     0x1584 c:/maxim/toolchain/bin/../lib/gcc/arm-none-eabi/6.3.1/../../../../arm-none-eabi/lib/thumb/v7e-m/fpv4-sp/softfp\libc.a(lib_a-vfprintf.o)
                0x000035a0                _vfprintf_r
 .text.__sbprintf
                0x00004b24       0x84 c:/maxim/toolchain/bin/../lib/gcc/arm-none-eabi/6.3.1/../../../../arm-none-eabi/lib/thumb/v7e-m/fpv4-sp/softfp\libc.a(lib_a-vfprintf.o)
 .text._write_r
                0x00004ba8       0x2c c:/maxim/toolchain/bin/../lib/gcc/arm-none-eabi/6.3.1/../../../../arm-none-eabi/lib/thumb/v7e-m/fpv4-sp/softfp\libc.a(lib_a-writer.o)
                0x00004ba8                _write_r
 .text.__swsetup_r
                0x00004bd4       0xc8 c:/maxim/toolchain/bin/../lib/gcc/arm-none-eabi/6.3.1/../../../../arm-none-eabi/lib/thumb/v7e-m/fpv4-sp/softfp\libc.a(lib_a-wsetup.o)
                0x00004bd4                __swsetup_r
 .text.startup.register_fini
                0x00004c9c       0x14 c:/maxim/toolchain/bin/../lib/gcc/arm-none-eabi/6.3.1/../../../../arm-none-eabi/lib/thumb/v7e-m/fpv4-sp/softfp\libc.a(lib_a-__call_atexit.o)
 .text.atexit   0x00004cb0        0xc c:/maxim/toolchain/bin/../lib/gcc/arm-none-eabi/6.3.1/../../../../arm-none-eabi/lib/thumb/v7e-m/fpv4-sp/softfp\libc.a(lib_a-atexit.o)
                0x00004cb0                atexit
 .text._close_r
                0x00004cbc       0x24 c:/maxim/toolchain/bin/../lib/gcc/arm-none-eabi/6.3.1/../../../../arm-none-eabi/lib/thumb/v7e-m/fpv4-sp/softfp\libc.a(lib_a-closer.o)
                0x00004cbc                _close_r
 .text.quorem   0x00004ce0      0x128 c:/maxim/toolchain/bin/../lib/gcc/arm-none-eabi/6.3.1/../../../../arm-none-eabi/lib/thumb/v7e-m/fpv4-sp/softfp\libc.a(lib_a-dtoa.o)
 .text._dtoa_r  0x00004e08      0xe34 c:/maxim/toolchain/bin/../lib/gcc/arm-none-eabi/6.3.1/../../../../arm-none-eabi/lib/thumb/v7e-m/fpv4-sp/softfp\libc.a(lib_a-dtoa.o)
                0x00004e08                _dtoa_r
 .text._fclose_r
                0x00005c3c       0xc4 c:/maxim/toolchain/bin/../lib/gcc/arm-none-eabi/6.3.1/../../../../arm-none-eabi/lib/thumb/v7e-m/fpv4-sp/softfp\libc.a(lib_a-fclose.o)
                0x00005c3c                _fclose_r
 .text.__libc_fini_array
                0x00005d00       0x34 c:/maxim/toolchain/bin/../lib/gcc/arm-none-eabi/6.3.1/../../../../arm-none-eabi/lib/thumb/v7e-m/fpv4-sp/softfp\libc.a(lib_a-fini.o)
                0x00005d00                __libc_fini_array
 .text.__sfvwrite_r
                0x00005d34      0x2f0 c:/maxim/toolchain/bin/../lib/gcc/arm-none-eabi/6.3.1/../../../../arm-none-eabi/lib/thumb/v7e-m/fpv4-sp/softfp\libc.a(lib_a-fvwrite.o)
                0x00005d34                __sfvwrite_r
 .text._localeconv_r
                0x00006024       0x1c c:/maxim/toolchain/bin/../lib/gcc/arm-none-eabi/6.3.1/../../../../arm-none-eabi/lib/thumb/v7e-m/fpv4-sp/softfp\libc.a(lib_a-localeconv.o)
                0x00006024                _localeconv_r
 .text._lseek_r
                0x00006040       0x2c c:/maxim/toolchain/bin/../lib/gcc/arm-none-eabi/6.3.1/../../../../arm-none-eabi/lib/thumb/v7e-m/fpv4-sp/softfp\libc.a(lib_a-lseekr.o)
                0x00006040                _lseek_r
 .text.__swhatbuf_r
                0x0000606c       0x5c c:/maxim/toolchain/bin/../lib/gcc/arm-none-eabi/6.3.1/../../../../arm-none-eabi/lib/thumb/v7e-m/fpv4-sp/softfp\libc.a(lib_a-makebuf.o)
                0x0000606c                __swhatbuf_r
 .text.__smakebuf_r
                0x000060c8       0x94 c:/maxim/toolchain/bin/../lib/gcc/arm-none-eabi/6.3.1/../../../../arm-none-eabi/lib/thumb/v7e-m/fpv4-sp/softfp\libc.a(lib_a-makebuf.o)
                0x000060c8                __smakebuf_r
 *fill*         0x0000615c        0x4 
 .text          0x00006160       0xa0 c:/maxim/toolchain/bin/../lib/gcc/arm-none-eabi/6.3.1/../../../../arm-none-eabi/lib/thumb/v7e-m/fpv4-sp/softfp\libc.a(lib_a-memchr.o)
                0x00006160                memchr
 .text          0x00006200      0x134 c:/maxim/toolchain/bin/../lib/gcc/arm-none-eabi/6.3.1/../../../../arm-none-eabi/lib/thumb/v7e-m/fpv4-sp/softfp\libc.a(lib_a-memcpy.o)
                0x00006200                memcpy
 .text.memmove  0x00006334       0xc8 c:/maxim/toolchain/bin/../lib/gcc/arm-none-eabi/6.3.1/../../../../arm-none-eabi/lib/thumb/v7e-m/fpv4-sp/softfp\libc.a(lib_a-memmove.o)
                0x00006334                memmove
 .text._Balloc  0x000063fc       0x4c c:/maxim/toolchain/bin/../lib/gcc/arm-none-eabi/6.3.1/../../../../arm-none-eabi/lib/thumb/v7e-m/fpv4-sp/softfp\libc.a(lib_a-mprec.o)
                0x000063fc                _Balloc
 .text._Bfree   0x00006448       0x14 c:/maxim/toolchain/bin/../lib/gcc/arm-none-eabi/6.3.1/../../../../arm-none-eabi/lib/thumb/v7e-m/fpv4-sp/softfp\libc.a(lib_a-mprec.o)
                0x00006448                _Bfree
 .text.__multadd
                0x0000645c       0x80 c:/maxim/toolchain/bin/../lib/gcc/arm-none-eabi/6.3.1/../../../../arm-none-eabi/lib/thumb/v7e-m/fpv4-sp/softfp\libc.a(lib_a-mprec.o)
                0x0000645c                __multadd
 .text.__hi0bits
                0x000064dc       0x40 c:/maxim/toolchain/bin/../lib/gcc/arm-none-eabi/6.3.1/../../../../arm-none-eabi/lib/thumb/v7e-m/fpv4-sp/softfp\libc.a(lib_a-mprec.o)
                0x000064dc                __hi0bits
 .text.__lo0bits
                0x0000651c       0x60 c:/maxim/toolchain/bin/../lib/gcc/arm-none-eabi/6.3.1/../../../../arm-none-eabi/lib/thumb/v7e-m/fpv4-sp/softfp\libc.a(lib_a-mprec.o)
                0x0000651c                __lo0bits
 .text.__i2b    0x0000657c       0x14 c:/maxim/toolchain/bin/../lib/gcc/arm-none-eabi/6.3.1/../../../../arm-none-eabi/lib/thumb/v7e-m/fpv4-sp/softfp\libc.a(lib_a-mprec.o)
                0x0000657c                __i2b
 .text.__multiply
                0x00006590      0x124 c:/maxim/toolchain/bin/../lib/gcc/arm-none-eabi/6.3.1/../../../../arm-none-eabi/lib/thumb/v7e-m/fpv4-sp/softfp\libc.a(lib_a-mprec.o)
                0x00006590                __multiply
 .text.__pow5mult
                0x000066b4       0xa0 c:/maxim/toolchain/bin/../lib/gcc/arm-none-eabi/6.3.1/../../../../arm-none-eabi/lib/thumb/v7e-m/fpv4-sp/softfp\libc.a(lib_a-mprec.o)
                0x000066b4                __pow5mult
 .text.__lshift
                0x00006754       0xa4 c:/maxim/toolchain/bin/../lib/gcc/arm-none-eabi/6.3.1/../../../../arm-none-eabi/lib/thumb/v7e-m/fpv4-sp/softfp\libc.a(lib_a-mprec.o)
                0x00006754                __lshift
 .text.__mcmp   0x000067f8       0x38 c:/maxim/toolchain/bin/../lib/gcc/arm-none-eabi/6.3.1/../../../../arm-none-eabi/lib/thumb/v7e-m/fpv4-sp/softfp\libc.a(lib_a-mprec.o)
                0x000067f8                __mcmp
 .text.__mdiff  0x00006830      0x108 c:/maxim/toolchain/bin/../lib/gcc/arm-none-eabi/6.3.1/../../../../arm-none-eabi/lib/thumb/v7e-m/fpv4-sp/softfp\libc.a(lib_a-mprec.o)
                0x00006830                __mdiff
 .text.__d2b    0x00006938       0xb8 c:/maxim/toolchain/bin/../lib/gcc/arm-none-eabi/6.3.1/../../../../arm-none-eabi/lib/thumb/v7e-m/fpv4-sp/softfp\libc.a(lib_a-mprec.o)
                0x00006938                __d2b
 .text._read_r  0x000069f0       0x2c c:/maxim/toolchain/bin/../lib/gcc/arm-none-eabi/6.3.1/../../../../arm-none-eabi/lib/thumb/v7e-m/fpv4-sp/softfp\libc.a(lib_a-readr.o)
                0x000069f0                _read_r
 .text._realloc_r
                0x00006a1c      0x34c c:/maxim/toolchain/bin/../lib/gcc/arm-none-eabi/6.3.1/../../../../arm-none-eabi/lib/thumb/v7e-m/fpv4-sp/softfp\libc.a(lib_a-reallocr.o)
                0x00006a1c                _realloc_r
 .text.__sprint_r.part.0
                0x00006d68       0x80 c:/maxim/toolchain/bin/../lib/gcc/arm-none-eabi/6.3.1/../../../../arm-none-eabi/lib/thumb/v7e-m/fpv4-sp/softfp\libc.a(lib_a-vfiprintf.o)
 .text.__sprint_r
                0x00006de8       0x14 c:/maxim/toolchain/bin/../lib/gcc/arm-none-eabi/6.3.1/../../../../arm-none-eabi/lib/thumb/v7e-m/fpv4-sp/softfp\libc.a(lib_a-vfiprintf.o)
                0x00006de8                __sprint_r
 .text.__register_exitproc
                0x00006dfc       0xc4 c:/maxim/toolchain/bin/../lib/gcc/arm-none-eabi/6.3.1/../../../../arm-none-eabi/lib/thumb/v7e-m/fpv4-sp/softfp\libc.a(lib_a-__atexit.o)
                0x00006dfc                __register_exitproc
 .text._calloc_r
                0x00006ec0       0x60 c:/maxim/toolchain/bin/../lib/gcc/arm-none-eabi/6.3.1/../../../../arm-none-eabi/lib/thumb/v7e-m/fpv4-sp/softfp\libc.a(lib_a-callocr.o)
                0x00006ec0                _calloc_r
 .text.__fputwc
                0x00006f20       0xa0 c:/maxim/toolchain/bin/../lib/gcc/arm-none-eabi/6.3.1/../../../../arm-none-eabi/lib/thumb/v7e-m/fpv4-sp/softfp\libc.a(lib_a-fputwc.o)
                0x00006f20                __fputwc
 .text._fputwc_r
                0x00006fc0       0x68 c:/maxim/toolchain/bin/../lib/gcc/arm-none-eabi/6.3.1/../../../../arm-none-eabi/lib/thumb/v7e-m/fpv4-sp/softfp\libc.a(lib_a-fputwc.o)
                0x00006fc0                _fputwc_r
 .text._fstat_r
                0x00007028       0x28 c:/maxim/toolchain/bin/../lib/gcc/arm-none-eabi/6.3.1/../../../../arm-none-eabi/lib/thumb/v7e-m/fpv4-sp/softfp\libc.a(lib_a-fstatr.o)
                0x00007028                _fstat_r
 .text._isatty_r
                0x00007050       0x24 c:/maxim/toolchain/bin/../lib/gcc/arm-none-eabi/6.3.1/../../../../arm-none-eabi/lib/thumb/v7e-m/fpv4-sp/softfp\libc.a(lib_a-isattyr.o)
                0x00007050                _isatty_r
 .text.__locale_mb_cur_max
                0x00007074       0x1c c:/maxim/toolchain/bin/../lib/gcc/arm-none-eabi/6.3.1/../../../../arm-none-eabi/lib/thumb/v7e-m/fpv4-sp/softfp\libc.a(lib_a-locale.o)
                0x00007074                __locale_mb_cur_max
 .text.__ascii_mbtowc
                0x00007090       0x2c c:/maxim/toolchain/bin/../lib/gcc/arm-none-eabi/6.3.1/../../../../arm-none-eabi/lib/thumb/v7e-m/fpv4-sp/softfp\libc.a(lib_a-mbtowc_r.o)
                0x00007090                __ascii_mbtowc
 .text.__swbuf_r
                0x000070bc       0xb0 c:/maxim/toolchain/bin/../lib/gcc/arm-none-eabi/6.3.1/../../../../arm-none-eabi/lib/thumb/v7e-m/fpv4-sp/softfp\libc.a(lib_a-wbuf.o)
                0x000070bc                __swbuf_r
 .text._wcrtomb_r
                0x0000716c       0x54 c:/maxim/toolchain/bin/../lib/gcc/arm-none-eabi/6.3.1/../../../../arm-none-eabi/lib/thumb/v7e-m/fpv4-sp/softfp\libc.a(lib_a-wcrtomb.o)
                0x0000716c                _wcrtomb_r
 .text.__ascii_wctomb
                0x000071c0       0x1c c:/maxim/toolchain/bin/../lib/gcc/arm-none-eabi/6.3.1/../../../../arm-none-eabi/lib/thumb/v7e-m/fpv4-sp/softfp\libc.a(lib_a-wctomb_r.o)
                0x000071c0                __ascii_wctomb
 .text          0x000071dc      0x370 c:/maxim/toolchain/bin/../lib/gcc/arm-none-eabi/6.3.1/thumb/v7e-m/fpv4-sp/softfp\libgcc.a(_arm_addsubdf3.o)
                0x000071dc                __aeabi_drsub
                0x000071e4                __aeabi_dsub
                0x000071e4                __subdf3
                0x000071e8                __aeabi_dadd
                0x000071e8                __adddf3
                0x00007460                __floatunsidf
                0x00007460                __aeabi_ui2d
                0x00007480                __floatsidf
                0x00007480                __aeabi_i2d
                0x000074a4                __aeabi_f2d
                0x000074a4                __extendsfdf2
                0x000074e0                __floatundidf
                0x000074e0                __aeabi_ul2d
                0x000074f0                __floatdidf
                0x000074f0                __aeabi_l2d
 .text          0x0000754c      0x424 c:/maxim/toolchain/bin/../lib/gcc/arm-none-eabi/6.3.1/thumb/v7e-m/fpv4-sp/softfp\libgcc.a(_arm_muldivdf3.o)
                0x0000754c                __aeabi_dmul
                0x0000754c                __muldf3
                0x000077a0                __divdf3
                0x000077a0                __aeabi_ddiv
 .text          0x00007970      0x110 c:/maxim/toolchain/bin/../lib/gcc/arm-none-eabi/6.3.1/thumb/v7e-m/fpv4-sp/softfp\libgcc.a(_arm_cmpdf2.o)
                0x00007970                __gtdf2
                0x00007970                __gedf2
                0x00007978                __ltdf2
                0x00007978                __ledf2
                0x00007980                __nedf2
                0x00007980                __eqdf2
                0x00007980                __cmpdf2
                0x000079fc                __aeabi_cdrcmple
                0x00007a0c                __aeabi_cdcmpeq
                0x00007a0c                __aeabi_cdcmple
                0x00007a1c                __aeabi_dcmpeq
                0x00007a30                __aeabi_dcmplt
                0x00007a44                __aeabi_dcmple
                0x00007a58                __aeabi_dcmpge
                0x00007a6c                __aeabi_dcmpgt
 .text          0x00007a80       0x2c c:/maxim/toolchain/bin/../lib/gcc/arm-none-eabi/6.3.1/thumb/v7e-m/fpv4-sp/softfp\libgcc.a(_arm_unorddf2.o)
                0x00007a80                __unorddf2
                0x00007a80                __aeabi_dcmpun
 .text          0x00007aac       0x50 c:/maxim/toolchain/bin/../lib/gcc/arm-none-eabi/6.3.1/thumb/v7e-m/fpv4-sp/softfp\libgcc.a(_arm_fixdfsi.o)
                0x00007aac                __aeabi_d2iz
                0x00007aac                __fixdfsi
 .text          0x00007afc       0x30 c:/maxim/toolchain/bin/../lib/gcc/arm-none-eabi/6.3.1/thumb/v7e-m/fpv4-sp/softfp\libgcc.a(_aeabi_uldivmod.o)
                0x00007afc                __aeabi_uldivmod
 .text          0x00007b2c      0x2dc c:/maxim/toolchain/bin/../lib/gcc/arm-none-eabi/6.3.1/thumb/v7e-m/fpv4-sp/softfp\libgcc.a(_udivmoddi4.o)
                0x00007b2c                __udivmoddi4
 .text          0x00007e08        0x4 c:/maxim/toolchain/bin/../lib/gcc/arm-none-eabi/6.3.1/thumb/v7e-m/fpv4-sp/softfp\libgcc.a(_dvmd_tls.o)
                0x00007e08                __aeabi_idiv0
                0x00007e08                __aeabi_ldiv0
 *(.rodata*)
 .rodata.LED_Off.str1.1
                0x00007e0c       0x49 c:/Users/brian.hindman/Documents/svnWorkspace/CDCACM_Serial_Demo/trunk/build/main.o
 .rodata.acm_cfg
                0x00007e55        0x6 c:/Users/brian.hindman/Documents/svnWorkspace/CDCACM_Serial_Demo/trunk/build/main.o
 .rodata.main.str1.1
                0x00007e5b      0x152 c:/Users/brian.hindman/Documents/svnWorkspace/CDCACM_Serial_Demo/trunk/build/main.o
 .rodata.Console_Init.str1.1
                0x00007fad       0x4d c:/Users/brian.hindman/Documents/svnWorkspace/CDCACM_Serial_Demo/trunk/build/board.o
 *fill*         0x00007ffa        0x2 
 .rodata.console_sys_cfg
                0x00007ffc       0x10 c:/Users/brian.hindman/Documents/svnWorkspace/CDCACM_Serial_Demo/trunk/build/board.o
                0x00007ffc                console_sys_cfg
 .rodata.console_uart_cfg
                0x0000800c        0xc c:/Users/brian.hindman/Documents/svnWorkspace/CDCACM_Serial_Demo/trunk/build/board.o
                0x0000800c                console_uart_cfg
 .rodata.led_pin
                0x00008018       0x24 c:/Users/brian.hindman/Documents/svnWorkspace/CDCACM_Serial_Demo/trunk/build/board.o
                0x00008018                led_pin
 .rodata.mxc_assert.str1.1
                0x0000803c       0x19 c:/Users/brian.hindman/Documents/svnWorkspace/CDCACM_Serial_Demo/trunk/build/board.o
 *fill*         0x00008055        0x3 
 .rodata.num_leds
                0x00008058        0x4 c:/Users/brian.hindman/Documents/svnWorkspace/CDCACM_Serial_Demo/trunk/build/board.o
                0x00008058                num_leds
 .rodata.num_pbs
                0x0000805c        0x4 c:/Users/brian.hindman/Documents/svnWorkspace/CDCACM_Serial_Demo/trunk/build/board.o
                0x0000805c                num_pbs
 .rodata.pb_pin
                0x00008060        0xc c:/Users/brian.hindman/Documents/svnWorkspace/CDCACM_Serial_Demo/trunk/build/board.o
                0x00008060                pb_pin
 .rodata.GPIO_Config.str1.1
                0x0000806c       0x31 c:/Users/brian.hindman/Documents/svnWorkspace/CDCACM_Serial_Demo/trunk/build/PeriphDriver/PeriphDriver.a(gpio.o)
 .rodata.GPIO_Handler.str1.1
                0x0000809d       0x31 c:/Users/brian.hindman/Documents/svnWorkspace/CDCACM_Serial_Demo/trunk/build/PeriphDriver/PeriphDriver.a(gpio.o)
                                 0x1a (size before relaxing)
 .rodata.UART_Init.str1.1
                0x0000809d       0x29 c:/Users/brian.hindman/Documents/svnWorkspace/CDCACM_Serial_Demo/trunk/build/PeriphDriver/PeriphDriver.a(uart.o)
 .rodata.CLKMAN_SetClkScale.str1.1
                0x000080c6       0x31 c:/Users/brian.hindman/Documents/svnWorkspace/CDCACM_Serial_Demo/trunk/build/PeriphDriver/PeriphDriver.a(clkman.o)
 .rodata.CLKMAN_SetSystemClock.str1.1
                0x000080f7       0x33 c:/Users/brian.hindman/Documents/svnWorkspace/CDCACM_Serial_Demo/trunk/build/PeriphDriver/PeriphDriver.a(clkman.o)
 *fill*         0x0000812a        0x2 
 .rodata.enum_req_init
                0x0000812c       0x24 c:/Users/brian.hindman/Documents/svnWorkspace/CDCACM_Serial_Demo/trunk/build/MAXUSB/maxusb.a(enumerate.o)
 .rodata._global_impure_ptr
                0x00008150        0x4 c:/maxim/toolchain/bin/../lib/gcc/arm-none-eabi/6.3.1/../../../../arm-none-eabi/lib/thumb/v7e-m/fpv4-sp/softfp\libc.a(lib_a-impure.o)
                0x00008150                _global_impure_ptr
 .rodata._puts_r.str1.4
                0x00008154        0x2 c:/maxim/toolchain/bin/../lib/gcc/arm-none-eabi/6.3.1/../../../../arm-none-eabi/lib/thumb/v7e-m/fpv4-sp/softfp\libc.a(lib_a-puts.o)
 *fill*         0x00008156        0x2 
 .rodata._vfprintf_r.str1.4
                0x00008158       0x42 c:/maxim/toolchain/bin/../lib/gcc/arm-none-eabi/6.3.1/../../../../arm-none-eabi/lib/thumb/v7e-m/fpv4-sp/softfp\libc.a(lib_a-vfprintf.o)
 *fill*         0x0000819a        0x2 
 .rodata.blanks.8366
                0x0000819c       0x10 c:/maxim/toolchain/bin/../lib/gcc/arm-none-eabi/6.3.1/../../../../arm-none-eabi/lib/thumb/v7e-m/fpv4-sp/softfp\libc.a(lib_a-vfprintf.o)
 .rodata.zeroes.8367
                0x000081ac       0x10 c:/maxim/toolchain/bin/../lib/gcc/arm-none-eabi/6.3.1/../../../../arm-none-eabi/lib/thumb/v7e-m/fpv4-sp/softfp\libc.a(lib_a-vfprintf.o)
 .rodata._dtoa_r.str1.4
                0x000081bc       0x10 c:/maxim/toolchain/bin/../lib/gcc/arm-none-eabi/6.3.1/../../../../arm-none-eabi/lib/thumb/v7e-m/fpv4-sp/softfp\libc.a(lib_a-dtoa.o)
                                 0x12 (size before relaxing)
 *fill*         0x000081cc        0x4 
 .rodata.__mprec_bigtens
                0x000081d0       0x28 c:/maxim/toolchain/bin/../lib/gcc/arm-none-eabi/6.3.1/../../../../arm-none-eabi/lib/thumb/v7e-m/fpv4-sp/softfp\libc.a(lib_a-mprec.o)
                0x000081d0                __mprec_bigtens
 .rodata.__mprec_tens
                0x000081f8       0xc8 c:/maxim/toolchain/bin/../lib/gcc/arm-none-eabi/6.3.1/../../../../arm-none-eabi/lib/thumb/v7e-m/fpv4-sp/softfp\libc.a(lib_a-mprec.o)
                0x000081f8                __mprec_tens
 .rodata.p05.7183
                0x000082c0        0xc c:/maxim/toolchain/bin/../lib/gcc/arm-none-eabi/6.3.1/../../../../arm-none-eabi/lib/thumb/v7e-m/fpv4-sp/softfp\libc.a(lib_a-mprec.o)
 .rodata._setlocale_r.str1.4
                0x000082cc        0xa c:/maxim/toolchain/bin/../lib/gcc/arm-none-eabi/6.3.1/../../../../arm-none-eabi/lib/thumb/v7e-m/fpv4-sp/softfp\libc.a(lib_a-locale.o)
                                  0xd (size before relaxing)
 *fill*         0x000082d6        0x2 
 .rodata.str1.4
                0x000082d8        0x4 c:/maxim/toolchain/bin/../lib/gcc/arm-none-eabi/6.3.1/../../../../arm-none-eabi/lib/thumb/v7e-m/fpv4-sp/softfp\libc.a(lib_a-locale.o)
                                  0x2 (size before relaxing)
 .rodata._ctype_
                0x000082dc      0x101 c:/maxim/toolchain/bin/../lib/gcc/arm-none-eabi/6.3.1/../../../../arm-none-eabi/lib/thumb/v7e-m/fpv4-sp/softfp\libc.a(lib_a-ctype_.o)
                0x000082dc                _ctype_
 *(.init)
 *fill*         0x000083dd        0x3 
 .init          0x000083e0        0x4 c:/maxim/toolchain/bin/../lib/gcc/arm-none-eabi/6.3.1/thumb/v7e-m/fpv4-sp/softfp/crti.o
                0x000083e0                _init
 .init          0x000083e4        0x8 c:/maxim/toolchain/bin/../lib/gcc/arm-none-eabi/6.3.1/thumb/v7e-m/fpv4-sp/softfp/crtn.o
 *(.fini)
 .fini          0x000083ec        0x4 c:/maxim/toolchain/bin/../lib/gcc/arm-none-eabi/6.3.1/thumb/v7e-m/fpv4-sp/softfp/crti.o
                0x000083ec                _fini
 .fini          0x000083f0        0x8 c:/maxim/toolchain/bin/../lib/gcc/arm-none-eabi/6.3.1/thumb/v7e-m/fpv4-sp/softfp/crtn.o
 *(.eh_frame*)
 .eh_frame      0x000083f8        0x0 c:/maxim/toolchain/bin/../lib/gcc/arm-none-eabi/6.3.1/thumb/v7e-m/fpv4-sp/softfp/crtbegin.o
 .eh_frame      0x000083f8        0x4 c:/maxim/toolchain/bin/../lib/gcc/arm-none-eabi/6.3.1/thumb/v7e-m/fpv4-sp/softfp/crtend.o
                0x000083fc                _etext = .

.glue_7         0x000083fc        0x0
 .glue_7        0x000083fc        0x0 linker stubs

.glue_7t        0x000083fc        0x0
 .glue_7t       0x000083fc        0x0 linker stubs

.vfp11_veneer   0x000083fc        0x0
 .vfp11_veneer  0x000083fc        0x0 linker stubs

.v4_bx          0x000083fc        0x0
 .v4_bx         0x000083fc        0x0 linker stubs

.iplt           0x000083fc        0x0
 .iplt          0x000083fc        0x0 c:/maxim/toolchain/bin/../lib/gcc/arm-none-eabi/6.3.1/thumb/v7e-m/fpv4-sp/softfp/crtbegin.o

.ARM.exidx      0x000083fc        0x8
                0x000083fc                __exidx_start = .
 *(.ARM.exidx*)
 .ARM.exidx     0x000083fc        0x8 c:/maxim/toolchain/bin/../lib/gcc/arm-none-eabi/6.3.1/thumb/v7e-m/fpv4-sp/softfp\libgcc.a(_udivmoddi4.o)
                0x00008404                __exidx_end = .

.rel.dyn        0x00008404        0x0
 .rel.iplt      0x00008404        0x0 c:/maxim/toolchain/bin/../lib/gcc/arm-none-eabi/6.3.1/thumb/v7e-m/fpv4-sp/softfp/crtbegin.o

.data           0x20000000      0xa74 load address 0x00008404
                0x20000000                _data = ALIGN (., 0x4)
 *(.data*)
 .data.config_descriptor
                0x20000000       0x43 c:/Users/brian.hindman/Documents/svnWorkspace/CDCACM_Serial_Demo/trunk/build/main.o
                0x20000000                config_descriptor
 *fill*         0x20000043        0x1 
 .data.device_descriptor
                0x20000044       0x12 c:/Users/brian.hindman/Documents/svnWorkspace/CDCACM_Serial_Demo/trunk/build/main.o
                0x20000044                device_descriptor
 *fill*         0x20000056        0x2 
 .data.lang_id_desc
                0x20000058        0x4 c:/Users/brian.hindman/Documents/svnWorkspace/CDCACM_Serial_Demo/trunk/build/main.o
                0x20000058                lang_id_desc
 .data.mfg_id_desc
                0x2000005c       0x22 c:/Users/brian.hindman/Documents/svnWorkspace/CDCACM_Serial_Demo/trunk/build/main.o
                0x2000005c                mfg_id_desc
 *fill*         0x2000007e        0x2 
 .data.prod_id_desc
                0x20000080       0x22 c:/Users/brian.hindman/Documents/svnWorkspace/CDCACM_Serial_Demo/trunk/build/main.o
                0x20000080                prod_id_desc
 *fill*         0x200000a2        0x2 
 .data.SystemCoreClock
                0x200000a4        0x4 c:/Users/brian.hindman/Documents/svnWorkspace/CDCACM_Serial_Demo/trunk/build/system_max32620.o
                0x200000a4                SystemCoreClock
 .data.line_coding
                0x200000a8        0x7 c:/Users/brian.hindman/Documents/svnWorkspace/CDCACM_Serial_Demo/trunk/build/MAXUSB/maxusb.a(cdc_acm.o)
 *fill*         0x200000af        0x1 
 .data.notify_data
                0x200000b0        0xa c:/Users/brian.hindman/Documents/svnWorkspace/CDCACM_Serial_Demo/trunk/build/MAXUSB/maxusb.a(cdc_acm.o)
 *fill*         0x200000ba        0x2 
 .data._impure_ptr
                0x200000bc        0x4 c:/maxim/toolchain/bin/../lib/gcc/arm-none-eabi/6.3.1/../../../../arm-none-eabi/lib/thumb/v7e-m/fpv4-sp/softfp\libc.a(lib_a-impure.o)
                0x200000bc                _impure_ptr
 .data.impure_data
                0x200000c0      0x428 c:/maxim/toolchain/bin/../lib/gcc/arm-none-eabi/6.3.1/../../../../arm-none-eabi/lib/thumb/v7e-m/fpv4-sp/softfp\libc.a(lib_a-impure.o)
 .data.__malloc_av_
                0x200004e8      0x408 c:/maxim/toolchain/bin/../lib/gcc/arm-none-eabi/6.3.1/../../../../arm-none-eabi/lib/thumb/v7e-m/fpv4-sp/softfp\libc.a(lib_a-mallocr.o)
                0x200004e8                __malloc_av_
 .data.__malloc_sbrk_base
                0x200008f0        0x4 c:/maxim/toolchain/bin/../lib/gcc/arm-none-eabi/6.3.1/../../../../arm-none-eabi/lib/thumb/v7e-m/fpv4-sp/softfp\libc.a(lib_a-mallocr.o)
                0x200008f0                __malloc_sbrk_base
 .data.__malloc_trim_threshold
                0x200008f4        0x4 c:/maxim/toolchain/bin/../lib/gcc/arm-none-eabi/6.3.1/../../../../arm-none-eabi/lib/thumb/v7e-m/fpv4-sp/softfp\libc.a(lib_a-mallocr.o)
                0x200008f4                __malloc_trim_threshold
 .data.__atexit_recursive_mutex
                0x200008f8        0x4 c:/maxim/toolchain/bin/../lib/gcc/arm-none-eabi/6.3.1/../../../../arm-none-eabi/lib/thumb/v7e-m/fpv4-sp/softfp\libc.a(lib_a-__call_atexit.o)
                0x200008f8                __atexit_recursive_mutex
 .data.__global_locale
                0x200008fc      0x16c c:/maxim/toolchain/bin/../lib/gcc/arm-none-eabi/6.3.1/../../../../arm-none-eabi/lib/thumb/v7e-m/fpv4-sp/softfp\libc.a(lib_a-locale.o)
                0x200008fc                __global_locale
 *(.spix_config*)
                0x20000a68                . = ALIGN (0x4)
                0x20000a68                PROVIDE (__preinit_array_start, .)
 *(.preinit_array)
                0x20000a68                PROVIDE (__preinit_array_end, .)
                0x20000a68                . = ALIGN (0x4)
                0x20000a68                PROVIDE (__init_array_start, .)
 *(SORT(.init_array.*))
 .init_array.00000
                0x20000a68        0x4 c:/maxim/toolchain/bin/../lib/gcc/arm-none-eabi/6.3.1/../../../../arm-none-eabi/lib/thumb/v7e-m/fpv4-sp/softfp\libc.a(lib_a-__call_atexit.o)
 *(.init_array)
 .init_array    0x20000a6c        0x4 c:/maxim/toolchain/bin/../lib/gcc/arm-none-eabi/6.3.1/thumb/v7e-m/fpv4-sp/softfp/crtbegin.o
                0x20000a70                PROVIDE (__init_array_end, .)
                0x20000a70                . = ALIGN (0x4)
                0x20000a70                PROVIDE (__fini_array_start, .)
 *(SORT(.fini_array.*))
 *(.fini_array)
 .fini_array    0x20000a70        0x4 c:/maxim/toolchain/bin/../lib/gcc/arm-none-eabi/6.3.1/thumb/v7e-m/fpv4-sp/softfp/crtbegin.o
                0x20000a74                PROVIDE (__fini_array_end, .)
                0x20000a74                _edata = ALIGN (., 0x4)
                0x00008404                __load_data = LOADADDR (.data)

.jcr            0x20000a74        0x0 load address 0x00008e78
 .jcr           0x20000a74        0x0 c:/maxim/toolchain/bin/../lib/gcc/arm-none-eabi/6.3.1/thumb/v7e-m/fpv4-sp/softfp/crtbegin.o

.igot.plt       0x20000a74        0x0 load address 0x00008e78
 .igot.plt      0x20000a74        0x0 c:/maxim/toolchain/bin/../lib/gcc/arm-none-eabi/6.3.1/thumb/v7e-m/fpv4-sp/softfp/crtbegin.o

.bss            0x20000c00      0x6e0 load address 0x00008e78
                0x20000c00                . = ALIGN (0x4)
                0x20000c00                _bss = .
 *(.bss*)
 .bss           0x20000c00       0x1c c:/maxim/toolchain/bin/../lib/gcc/arm-none-eabi/6.3.1/thumb/v7e-m/fpv4-sp/softfp/crtbegin.o
 .bss.uart_read_complete
                0x20000c1c        0x4 c:/Users/brian.hindman/Documents/svnWorkspace/CDCACM_Serial_Demo/trunk/build/main.o
 .bss.uart_req  0x20000c20       0x10 c:/Users/brian.hindman/Documents/svnWorkspace/CDCACM_Serial_Demo/trunk/build/main.o
 .bss.uart_rx_data
                0x20000c30       0x21 c:/Users/brian.hindman/Documents/svnWorkspace/CDCACM_Serial_Demo/trunk/build/main.o
 .bss.uart_tx_data
                0x20000c51       0x20 c:/Users/brian.hindman/Documents/svnWorkspace/CDCACM_Serial_Demo/trunk/build/main.o
 *fill*         0x20000c71        0x3 
 .bss.usb_read_complete
                0x20000c74        0x4 c:/Users/brian.hindman/Documents/svnWorkspace/CDCACM_Serial_Demo/trunk/build/main.o
 .bss.heap_end  0x20000c78        0x4 c:/Users/brian.hindman/Documents/svnWorkspace/CDCACM_Serial_Demo/trunk/build/heap.o
 .bss.callbacks
                0x20000c7c       0xe0 c:/Users/brian.hindman/Documents/svnWorkspace/CDCACM_Serial_Demo/trunk/build/PeriphDriver/PeriphDriver.a(gpio.o)
 .bss.cbparam   0x20000d5c       0xe0 c:/Users/brian.hindman/Documents/svnWorkspace/CDCACM_Serial_Demo/trunk/build/PeriphDriver/PeriphDriver.a(gpio.o)
 .bss.subsequent_call.7306
                0x20000e3c        0x4 c:/Users/brian.hindman/Documents/svnWorkspace/CDCACM_Serial_Demo/trunk/build/PeriphDriver/PeriphDriver.a(mxc_sys.o)
 .bss.rx_states
                0x20000e40       0x10 c:/Users/brian.hindman/Documents/svnWorkspace/CDCACM_Serial_Demo/trunk/build/PeriphDriver/PeriphDriver.a(uart.o)
 .bss.tx_states
                0x20000e50       0x10 c:/Users/brian.hindman/Documents/svnWorkspace/CDCACM_Serial_Demo/trunk/build/PeriphDriver/PeriphDriver.a(uart.o)
 .bss.ep_size   0x20000e60        0x8 c:/Users/brian.hindman/Documents/svnWorkspace/CDCACM_Serial_Demo/trunk/build/MAXUSB/maxusb.a(usb.o)
 .bss.usb_request
                0x20000e68       0x20 c:/Users/brian.hindman/Documents/svnWorkspace/CDCACM_Serial_Demo/trunk/build/MAXUSB/maxusb.a(usb.o)
 .bss.callback  0x20000e88       0x48 c:/Users/brian.hindman/Documents/svnWorkspace/CDCACM_Serial_Demo/trunk/build/MAXUSB/maxusb.a(usb_event.o)
 .bss.events    0x20000ed0        0x4 c:/Users/brian.hindman/Documents/svnWorkspace/CDCACM_Serial_Demo/trunk/build/MAXUSB/maxusb.a(usb_event.o)
 .bss.callback  0x20000ed4       0x38 c:/Users/brian.hindman/Documents/svnWorkspace/CDCACM_Serial_Demo/trunk/build/MAXUSB/maxusb.a(enumerate.o)
 .bss.callback_getdescriptor
                0x20000f0c        0x4 c:/Users/brian.hindman/Documents/svnWorkspace/CDCACM_Serial_Demo/trunk/build/MAXUSB/maxusb.a(enumerate.o)
 .bss.config_value
                0x20000f10        0x1 c:/Users/brian.hindman/Documents/svnWorkspace/CDCACM_Serial_Demo/trunk/build/MAXUSB/maxusb.a(enumerate.o)
 .bss.device_status
                0x20000f11        0x1 c:/Users/brian.hindman/Documents/svnWorkspace/CDCACM_Serial_Demo/trunk/build/MAXUSB/maxusb.a(enumerate.o)
 *fill*         0x20000f12        0x2 
 .bss.enum_data
                0x20000f14        0x2 c:/Users/brian.hindman/Documents/svnWorkspace/CDCACM_Serial_Demo/trunk/build/MAXUSB/maxusb.a(enumerate.o)
 *fill*         0x20000f16        0x2 
 .bss.enum_req  0x20000f18       0x24 c:/Users/brian.hindman/Documents/svnWorkspace/CDCACM_Serial_Demo/trunk/build/MAXUSB/maxusb.a(enumerate.o)
 .bss.BREAK_signal
                0x20000f3c        0x4 c:/Users/brian.hindman/Documents/svnWorkspace/CDCACM_Serial_Demo/trunk/build/MAXUSB/maxusb.a(cdc_acm.o)
 .bss.DTE_present
                0x20000f40        0x4 c:/Users/brian.hindman/Documents/svnWorkspace/CDCACM_Serial_Demo/trunk/build/MAXUSB/maxusb.a(cdc_acm.o)
 .bss.callback  0x20000f44       0x10 c:/Users/brian.hindman/Documents/svnWorkspace/CDCACM_Serial_Demo/trunk/build/MAXUSB/maxusb.a(cdc_acm.o)
 .bss.creq      0x20000f54       0x24 c:/Users/brian.hindman/Documents/svnWorkspace/CDCACM_Serial_Demo/trunk/build/MAXUSB/maxusb.a(cdc_acm.o)
 .bss.in_ep     0x20000f78        0x1 c:/Users/brian.hindman/Documents/svnWorkspace/CDCACM_Serial_Demo/trunk/build/MAXUSB/maxusb.a(cdc_acm.o)
 .bss.notify_ep
                0x20000f79        0x1 c:/Users/brian.hindman/Documents/svnWorkspace/CDCACM_Serial_Demo/trunk/build/MAXUSB/maxusb.a(cdc_acm.o)
 *fill*         0x20000f7a        0x2 
 .bss.nreq      0x20000f7c       0x24 c:/Users/brian.hindman/Documents/svnWorkspace/CDCACM_Serial_Demo/trunk/build/MAXUSB/maxusb.a(cdc_acm.o)
 .bss.out_ep    0x20000fa0        0x1 c:/Users/brian.hindman/Documents/svnWorkspace/CDCACM_Serial_Demo/trunk/build/MAXUSB/maxusb.a(cdc_acm.o)
 .bss.rbuf      0x20000fa1       0x81 c:/Users/brian.hindman/Documents/svnWorkspace/CDCACM_Serial_Demo/trunk/build/MAXUSB/maxusb.a(cdc_acm.o)
 *fill*         0x20001022        0x2 
 .bss.repbuf    0x20001024       0x40 c:/Users/brian.hindman/Documents/svnWorkspace/CDCACM_Serial_Demo/trunk/build/MAXUSB/maxusb.a(cdc_acm.o)
 .bss.rfifo     0x20001064       0x10 c:/Users/brian.hindman/Documents/svnWorkspace/CDCACM_Serial_Demo/trunk/build/MAXUSB/maxusb.a(cdc_acm.o)
 .bss.rreq      0x20001074       0x24 c:/Users/brian.hindman/Documents/svnWorkspace/CDCACM_Serial_Demo/trunk/build/MAXUSB/maxusb.a(cdc_acm.o)
 .bss.rreq_complete
                0x20001098        0x4 c:/Users/brian.hindman/Documents/svnWorkspace/CDCACM_Serial_Demo/trunk/build/MAXUSB/maxusb.a(cdc_acm.o)
 .bss.wbuf      0x2000109c       0x81 c:/Users/brian.hindman/Documents/svnWorkspace/CDCACM_Serial_Demo/trunk/build/MAXUSB/maxusb.a(cdc_acm.o)
 *fill*         0x2000111d        0x3 
 .bss.wepbuf    0x20001120       0x40 c:/Users/brian.hindman/Documents/svnWorkspace/CDCACM_Serial_Demo/trunk/build/MAXUSB/maxusb.a(cdc_acm.o)
 .bss.wfifo     0x20001160       0x10 c:/Users/brian.hindman/Documents/svnWorkspace/CDCACM_Serial_Demo/trunk/build/MAXUSB/maxusb.a(cdc_acm.o)
 .bss.wreq      0x20001170       0x24 c:/Users/brian.hindman/Documents/svnWorkspace/CDCACM_Serial_Demo/trunk/build/MAXUSB/maxusb.a(cdc_acm.o)
 .bss.__malloc_current_mallinfo
                0x20001194       0x28 c:/maxim/toolchain/bin/../lib/gcc/arm-none-eabi/6.3.1/../../../../arm-none-eabi/lib/thumb/v7e-m/fpv4-sp/softfp\libc.a(lib_a-mallocr.o)
                0x20001194                __malloc_current_mallinfo
 .bss.__malloc_max_sbrked_mem
                0x200011bc        0x4 c:/maxim/toolchain/bin/../lib/gcc/arm-none-eabi/6.3.1/../../../../arm-none-eabi/lib/thumb/v7e-m/fpv4-sp/softfp\libc.a(lib_a-mallocr.o)
                0x200011bc                __malloc_max_sbrked_mem
 .bss.__malloc_max_total_mem
                0x200011c0        0x4 c:/maxim/toolchain/bin/../lib/gcc/arm-none-eabi/6.3.1/../../../../arm-none-eabi/lib/thumb/v7e-m/fpv4-sp/softfp\libc.a(lib_a-mallocr.o)
                0x200011c0                __malloc_max_total_mem
 .bss.__malloc_top_pad
                0x200011c4        0x4 c:/maxim/toolchain/bin/../lib/gcc/arm-none-eabi/6.3.1/../../../../arm-none-eabi/lib/thumb/v7e-m/fpv4-sp/softfp\libc.a(lib_a-mallocr.o)
                0x200011c4                __malloc_top_pad
 *(COMMON)
 COMMON         0x200011c8       0x10 c:/Users/brian.hindman/Documents/svnWorkspace/CDCACM_Serial_Demo/trunk/build/main.o
                0x200011c8                remote_wake_en
                0x200011cc                event_flags
                0x200011d0                configured
                0x200011d4                suspended
 *fill*         0x200011d8       0x28 
 COMMON         0x20001200       0x90 c:/Users/brian.hindman/Documents/svnWorkspace/CDCACM_Serial_Demo/trunk/build/MAXUSB/maxusb.a(usb.o)
                0x20001200                ep_buffer_descriptor
 COMMON         0x20001290       0x28 c:/Users/brian.hindman/Documents/svnWorkspace/CDCACM_Serial_Demo/trunk/build/MAXUSB/maxusb.a(enumerate.o)
                0x20001290                enum_desc_table
 COMMON         0x200012b8       0x21 c:/maxim/toolchain/bin/../lib/gcc/arm-none-eabi/6.3.1/../../../../arm-none-eabi/lib/thumb/v7e-m/fpv4-sp/softfp\libc.a(lib_a-lock.o)
                0x200012b8                __lock___atexit_recursive_mutex
                0x200012bc                __lock___arc4random_mutex
                0x200012c0                __lock___env_recursive_mutex
                0x200012c4                __lock___sinit_recursive_mutex
                0x200012c8                __lock___malloc_recursive_mutex
                0x200012cc                __lock___at_quick_exit_mutex
                0x200012d0                __lock___dd_hash_mutex
                0x200012d4                __lock___tz_mutex
                0x200012d8                __lock___sfp_recursive_mutex
 *fill*         0x200012d9        0x3 
 COMMON         0x200012dc        0x4 c:/maxim/toolchain/bin/../lib/gcc/arm-none-eabi/6.3.1/../../../../arm-none-eabi/lib/thumb/v7e-m/fpv4-sp/softfp\libc.a(lib_a-reent.o)
                0x200012dc                errno
                0x200012e0                _ebss = ALIGN (., 0x4)
                0x20040000                __StackTop = (ORIGIN (SRAM) + LENGTH (SRAM))
                0x2003f000                __StackLimit = (__StackTop - SIZEOF (.stack_dummy))

.stack_dummy    0x200012e0     0x1000 load address 0x00008e78
 *(.stack*)
 .stack         0x200012e0     0x1000 c:/Users/brian.hindman/Documents/svnWorkspace/CDCACM_Serial_Demo/trunk/build/startup_max32620.o

.heap           0x200012e0      0xc00 load address 0x00008e78
                0x200012e0                . = ALIGN (0x4)
 *(.heap*)
 .heap          0x200012e0      0xc00 c:/Users/brian.hindman/Documents/svnWorkspace/CDCACM_Serial_Demo/trunk/build/startup_max32620.o
                0x200012e0                __HeapBase
                0x2003f000                __HeapLimit = ABSOLUTE (__StackLimit)
                0x20040000                PROVIDE (__stack, __StackTop)
                0x00000001                ASSERT ((__StackLimit >= _ebss), region RAM overflowed with stack)
OUTPUT(c:/Users/brian.hindman/Documents/svnWorkspace/CDCACM_Serial_Demo/trunk/build/max32620.elf elf32-littlearm)

.ARM.attributes
                0x00000000       0x2e
 .ARM.attributes
                0x00000000       0x22 c:/maxim/toolchain/bin/../lib/gcc/arm-none-eabi/6.3.1/thumb/v7e-m/fpv4-sp/softfp/crti.o
 .ARM.attributes
                0x00000022       0x32 c:/maxim/toolchain/bin/../lib/gcc/arm-none-eabi/6.3.1/thumb/v7e-m/fpv4-sp/softfp/crtbegin.o
 .ARM.attributes
                0x00000054       0x37 c:/Users/brian.hindman/Documents/svnWorkspace/CDCACM_Serial_Demo/trunk/build/main.o
 .ARM.attributes
                0x0000008b       0x37 c:/Users/brian.hindman/Documents/svnWorkspace/CDCACM_Serial_Demo/trunk/build/board.o
 .ARM.attributes
                0x000000c2       0x37 c:/Users/brian.hindman/Documents/svnWorkspace/CDCACM_Serial_Demo/trunk/build/stdio.o
 .ARM.attributes
                0x000000f9       0x37 c:/Users/brian.hindman/Documents/svnWorkspace/CDCACM_Serial_Demo/trunk/build/led.o
 .ARM.attributes
                0x00000130       0x37 c:/Users/brian.hindman/Documents/svnWorkspace/CDCACM_Serial_Demo/trunk/build/pb.o
 .ARM.attributes
                0x00000167       0x1b c:/Users/brian.hindman/Documents/svnWorkspace/CDCACM_Serial_Demo/trunk/build/startup_max32620.o
 .ARM.attributes
                0x00000182       0x37 c:/Users/brian.hindman/Documents/svnWorkspace/CDCACM_Serial_Demo/trunk/build/heap.o
 .ARM.attributes
                0x000001b9       0x37 c:/Users/brian.hindman/Documents/svnWorkspace/CDCACM_Serial_Demo/trunk/build/system_max32620.o
 .ARM.attributes
                0x000001f0       0x37 c:/Users/brian.hindman/Documents/svnWorkspace/CDCACM_Serial_Demo/trunk/build/PeriphDriver/PeriphDriver.a(gpio.o)
 .ARM.attributes
                0x00000227       0x37 c:/Users/brian.hindman/Documents/svnWorkspace/CDCACM_Serial_Demo/trunk/build/PeriphDriver/PeriphDriver.a(lp.o)
 .ARM.attributes
                0x0000025e       0x37 c:/Users/brian.hindman/Documents/svnWorkspace/CDCACM_Serial_Demo/trunk/build/PeriphDriver/PeriphDriver.a(mxc_sys.o)
 .ARM.attributes
                0x00000295       0x37 c:/Users/brian.hindman/Documents/svnWorkspace/CDCACM_Serial_Demo/trunk/build/PeriphDriver/PeriphDriver.a(uart.o)
 .ARM.attributes
                0x000002cc       0x37 c:/Users/brian.hindman/Documents/svnWorkspace/CDCACM_Serial_Demo/trunk/build/PeriphDriver/PeriphDriver.a(clkman.o)
 .ARM.attributes
                0x00000303       0x37 c:/Users/brian.hindman/Documents/svnWorkspace/CDCACM_Serial_Demo/trunk/build/PeriphDriver/PeriphDriver.a(ioman.o)
 .ARM.attributes
                0x0000033a       0x37 c:/Users/brian.hindman/Documents/svnWorkspace/CDCACM_Serial_Demo/trunk/build/PeriphDriver/PeriphDriver.a(mxc_lock.o)
 .ARM.attributes
                0x00000371       0x37 c:/Users/brian.hindman/Documents/svnWorkspace/CDCACM_Serial_Demo/trunk/build/MAXUSB/maxusb.a(usb.o)
 .ARM.attributes
                0x000003a8       0x37 c:/Users/brian.hindman/Documents/svnWorkspace/CDCACM_Serial_Demo/trunk/build/MAXUSB/maxusb.a(usb_event.o)
 .ARM.attributes
                0x000003df       0x37 c:/Users/brian.hindman/Documents/svnWorkspace/CDCACM_Serial_Demo/trunk/build/MAXUSB/maxusb.a(enumerate.o)
 .ARM.attributes
                0x00000416       0x37 c:/Users/brian.hindman/Documents/svnWorkspace/CDCACM_Serial_Demo/trunk/build/MAXUSB/maxusb.a(cdc_acm.o)
 .ARM.attributes
                0x0000044d       0x37 c:/Users/brian.hindman/Documents/svnWorkspace/CDCACM_Serial_Demo/trunk/build/MAXUSB/maxusb.a(fifo.o)
 .ARM.attributes
                0x00000484       0x32 c:/maxim/toolchain/bin/../lib/gcc/arm-none-eabi/6.3.1/../../../../arm-none-eabi/lib/thumb/v7e-m/fpv4-sp/softfp\libc.a(lib_a-errno.o)
 .ARM.attributes
                0x000004b6       0x32 c:/maxim/toolchain/bin/../lib/gcc/arm-none-eabi/6.3.1/../../../../arm-none-eabi/lib/thumb/v7e-m/fpv4-sp/softfp\libc.a(lib_a-fflush.o)
 .ARM.attributes
                0x000004e8       0x32 c:/maxim/toolchain/bin/../lib/gcc/arm-none-eabi/6.3.1/../../../../arm-none-eabi/lib/thumb/v7e-m/fpv4-sp/softfp\libc.a(lib_a-findfp.o)
 .ARM.attributes
                0x0000051a       0x32 c:/maxim/toolchain/bin/../lib/gcc/arm-none-eabi/6.3.1/../../../../arm-none-eabi/lib/thumb/v7e-m/fpv4-sp/softfp\libc.a(lib_a-freer.o)
 .ARM.attributes
                0x0000054c       0x32 c:/maxim/toolchain/bin/../lib/gcc/arm-none-eabi/6.3.1/../../../../arm-none-eabi/lib/thumb/v7e-m/fpv4-sp/softfp\libc.a(lib_a-fwalk.o)
 .ARM.attributes
                0x0000057e       0x32 c:/maxim/toolchain/bin/../lib/gcc/arm-none-eabi/6.3.1/../../../../arm-none-eabi/lib/thumb/v7e-m/fpv4-sp/softfp\libc.a(lib_a-impure.o)
 .ARM.attributes
                0x000005b0       0x32 c:/maxim/toolchain/bin/../lib/gcc/arm-none-eabi/6.3.1/../../../../arm-none-eabi/lib/thumb/v7e-m/fpv4-sp/softfp\libc.a(lib_a-init.o)
 .ARM.attributes
                0x000005e2       0x32 c:/maxim/toolchain/bin/../lib/gcc/arm-none-eabi/6.3.1/../../../../arm-none-eabi/lib/thumb/v7e-m/fpv4-sp/softfp\libc.a(lib_a-lock.o)
 .ARM.attributes
                0x00000614       0x32 c:/maxim/toolchain/bin/../lib/gcc/arm-none-eabi/6.3.1/../../../../arm-none-eabi/lib/thumb/v7e-m/fpv4-sp/softfp\libc.a(lib_a-mallocr.o)
 .ARM.attributes
                0x00000646       0x32 c:/maxim/toolchain/bin/../lib/gcc/arm-none-eabi/6.3.1/../../../../arm-none-eabi/lib/thumb/v7e-m/fpv4-sp/softfp\libc.a(lib_a-memset.o)
 .ARM.attributes
                0x00000678       0x32 c:/maxim/toolchain/bin/../lib/gcc/arm-none-eabi/6.3.1/../../../../arm-none-eabi/lib/thumb/v7e-m/fpv4-sp/softfp\libc.a(lib_a-mlock.o)
 .ARM.attributes
                0x000006aa       0x32 c:/maxim/toolchain/bin/../lib/gcc/arm-none-eabi/6.3.1/../../../../arm-none-eabi/lib/thumb/v7e-m/fpv4-sp/softfp\libc.a(lib_a-printf.o)
 .ARM.attributes
                0x000006dc       0x32 c:/maxim/toolchain/bin/../lib/gcc/arm-none-eabi/6.3.1/../../../../arm-none-eabi/lib/thumb/v7e-m/fpv4-sp/softfp\libc.a(lib_a-puts.o)
 .ARM.attributes
                0x0000070e       0x32 c:/maxim/toolchain/bin/../lib/gcc/arm-none-eabi/6.3.1/../../../../arm-none-eabi/lib/thumb/v7e-m/fpv4-sp/softfp\libc.a(lib_a-sbrkr.o)
 .ARM.attributes
                0x00000740       0x32 c:/maxim/toolchain/bin/../lib/gcc/arm-none-eabi/6.3.1/../../../../arm-none-eabi/lib/thumb/v7e-m/fpv4-sp/softfp\libc.a(lib_a-stdio.o)
 .ARM.attributes
                0x00000772       0x20 c:/maxim/toolchain/bin/../lib/gcc/arm-none-eabi/6.3.1/../../../../arm-none-eabi/lib/thumb/v7e-m/fpv4-sp/softfp\libc.a(lib_a-strlen.o)
 .ARM.attributes
                0x00000792       0x32 c:/maxim/toolchain/bin/../lib/gcc/arm-none-eabi/6.3.1/../../../../arm-none-eabi/lib/thumb/v7e-m/fpv4-sp/softfp\libc.a(lib_a-vfprintf.o)
 .ARM.attributes
                0x000007c4       0x32 c:/maxim/toolchain/bin/../lib/gcc/arm-none-eabi/6.3.1/../../../../arm-none-eabi/lib/thumb/v7e-m/fpv4-sp/softfp\libc.a(lib_a-writer.o)
 .ARM.attributes
                0x000007f6       0x32 c:/maxim/toolchain/bin/../lib/gcc/arm-none-eabi/6.3.1/../../../../arm-none-eabi/lib/thumb/v7e-m/fpv4-sp/softfp\libc.a(lib_a-wsetup.o)
 .ARM.attributes
                0x00000828       0x32 c:/maxim/toolchain/bin/../lib/gcc/arm-none-eabi/6.3.1/../../../../arm-none-eabi/lib/thumb/v7e-m/fpv4-sp/softfp\libc.a(lib_a-__call_atexit.o)
 .ARM.attributes
                0x0000085a       0x32 c:/maxim/toolchain/bin/../lib/gcc/arm-none-eabi/6.3.1/../../../../arm-none-eabi/lib/thumb/v7e-m/fpv4-sp/softfp\libc.a(lib_a-atexit.o)
 .ARM.attributes
                0x0000088c       0x32 c:/maxim/toolchain/bin/../lib/gcc/arm-none-eabi/6.3.1/../../../../arm-none-eabi/lib/thumb/v7e-m/fpv4-sp/softfp\libc.a(lib_a-closer.o)
 .ARM.attributes
                0x000008be       0x32 c:/maxim/toolchain/bin/../lib/gcc/arm-none-eabi/6.3.1/../../../../arm-none-eabi/lib/thumb/v7e-m/fpv4-sp/softfp\libc.a(lib_a-dtoa.o)
 .ARM.attributes
                0x000008f0       0x32 c:/maxim/toolchain/bin/../lib/gcc/arm-none-eabi/6.3.1/../../../../arm-none-eabi/lib/thumb/v7e-m/fpv4-sp/softfp\libc.a(lib_a-fclose.o)
 .ARM.attributes
                0x00000922       0x32 c:/maxim/toolchain/bin/../lib/gcc/arm-none-eabi/6.3.1/../../../../arm-none-eabi/lib/thumb/v7e-m/fpv4-sp/softfp\libc.a(lib_a-fini.o)
 .ARM.attributes
                0x00000954       0x32 c:/maxim/toolchain/bin/../lib/gcc/arm-none-eabi/6.3.1/../../../../arm-none-eabi/lib/thumb/v7e-m/fpv4-sp/softfp\libc.a(lib_a-fvwrite.o)
 .ARM.attributes
                0x00000986       0x32 c:/maxim/toolchain/bin/../lib/gcc/arm-none-eabi/6.3.1/../../../../arm-none-eabi/lib/thumb/v7e-m/fpv4-sp/softfp\libc.a(lib_a-localeconv.o)
 .ARM.attributes
                0x000009b8       0x32 c:/maxim/toolchain/bin/../lib/gcc/arm-none-eabi/6.3.1/../../../../arm-none-eabi/lib/thumb/v7e-m/fpv4-sp/softfp\libc.a(lib_a-lseekr.o)
 .ARM.attributes
                0x000009ea       0x32 c:/maxim/toolchain/bin/../lib/gcc/arm-none-eabi/6.3.1/../../../../arm-none-eabi/lib/thumb/v7e-m/fpv4-sp/softfp\libc.a(lib_a-makebuf.o)
 .ARM.attributes
                0x00000a1c       0x20 c:/maxim/toolchain/bin/../lib/gcc/arm-none-eabi/6.3.1/../../../../arm-none-eabi/lib/thumb/v7e-m/fpv4-sp/softfp\libc.a(lib_a-memchr.o)
 .ARM.attributes
                0x00000a3c       0x20 c:/maxim/toolchain/bin/../lib/gcc/arm-none-eabi/6.3.1/../../../../arm-none-eabi/lib/thumb/v7e-m/fpv4-sp/softfp\libc.a(lib_a-memcpy.o)
 .ARM.attributes
                0x00000a5c       0x32 c:/maxim/toolchain/bin/../lib/gcc/arm-none-eabi/6.3.1/../../../../arm-none-eabi/lib/thumb/v7e-m/fpv4-sp/softfp\libc.a(lib_a-memmove.o)
 .ARM.attributes
                0x00000a8e       0x32 c:/maxim/toolchain/bin/../lib/gcc/arm-none-eabi/6.3.1/../../../../arm-none-eabi/lib/thumb/v7e-m/fpv4-sp/softfp\libc.a(lib_a-mprec.o)
 .ARM.attributes
                0x00000ac0       0x32 c:/maxim/toolchain/bin/../lib/gcc/arm-none-eabi/6.3.1/../../../../arm-none-eabi/lib/thumb/v7e-m/fpv4-sp/softfp\libc.a(lib_a-readr.o)
 .ARM.attributes
                0x00000af2       0x32 c:/maxim/toolchain/bin/../lib/gcc/arm-none-eabi/6.3.1/../../../../arm-none-eabi/lib/thumb/v7e-m/fpv4-sp/softfp\libc.a(lib_a-reallocr.o)
 .ARM.attributes
                0x00000b24       0x32 c:/maxim/toolchain/bin/../lib/gcc/arm-none-eabi/6.3.1/../../../../arm-none-eabi/lib/thumb/v7e-m/fpv4-sp/softfp\libc.a(lib_a-reent.o)
 .ARM.attributes
                0x00000b56       0x32 c:/maxim/toolchain/bin/../lib/gcc/arm-none-eabi/6.3.1/../../../../arm-none-eabi/lib/thumb/v7e-m/fpv4-sp/softfp\libc.a(lib_a-vfiprintf.o)
 .ARM.attributes
                0x00000b88       0x32 c:/maxim/toolchain/bin/../lib/gcc/arm-none-eabi/6.3.1/../../../../arm-none-eabi/lib/thumb/v7e-m/fpv4-sp/softfp\libc.a(lib_a-__atexit.o)
 .ARM.attributes
                0x00000bba       0x32 c:/maxim/toolchain/bin/../lib/gcc/arm-none-eabi/6.3.1/../../../../arm-none-eabi/lib/thumb/v7e-m/fpv4-sp/softfp\libc.a(lib_a-callocr.o)
 .ARM.attributes
                0x00000bec       0x32 c:/maxim/toolchain/bin/../lib/gcc/arm-none-eabi/6.3.1/../../../../arm-none-eabi/lib/thumb/v7e-m/fpv4-sp/softfp\libc.a(lib_a-fputwc.o)
 .ARM.attributes
                0x00000c1e       0x32 c:/maxim/toolchain/bin/../lib/gcc/arm-none-eabi/6.3.1/../../../../arm-none-eabi/lib/thumb/v7e-m/fpv4-sp/softfp\libc.a(lib_a-fstatr.o)
 .ARM.attributes
                0x00000c50       0x32 c:/maxim/toolchain/bin/../lib/gcc/arm-none-eabi/6.3.1/../../../../arm-none-eabi/lib/thumb/v7e-m/fpv4-sp/softfp\libc.a(lib_a-isattyr.o)
 .ARM.attributes
                0x00000c82       0x32 c:/maxim/toolchain/bin/../lib/gcc/arm-none-eabi/6.3.1/../../../../arm-none-eabi/lib/thumb/v7e-m/fpv4-sp/softfp\libc.a(lib_a-locale.o)
 .ARM.attributes
                0x00000cb4       0x32 c:/maxim/toolchain/bin/../lib/gcc/arm-none-eabi/6.3.1/../../../../arm-none-eabi/lib/thumb/v7e-m/fpv4-sp/softfp\libc.a(lib_a-mbtowc_r.o)
 .ARM.attributes
                0x00000ce6       0x32 c:/maxim/toolchain/bin/../lib/gcc/arm-none-eabi/6.3.1/../../../../arm-none-eabi/lib/thumb/v7e-m/fpv4-sp/softfp\libc.a(lib_a-wbuf.o)
 .ARM.attributes
                0x00000d18       0x32 c:/maxim/toolchain/bin/../lib/gcc/arm-none-eabi/6.3.1/../../../../arm-none-eabi/lib/thumb/v7e-m/fpv4-sp/softfp\libc.a(lib_a-wcrtomb.o)
 .ARM.attributes
                0x00000d4a       0x32 c:/maxim/toolchain/bin/../lib/gcc/arm-none-eabi/6.3.1/../../../../arm-none-eabi/lib/thumb/v7e-m/fpv4-sp/softfp\libc.a(lib_a-wctomb_r.o)
 .ARM.attributes
                0x00000d7c       0x32 c:/maxim/toolchain/bin/../lib/gcc/arm-none-eabi/6.3.1/../../../../arm-none-eabi/lib/thumb/v7e-m/fpv4-sp/softfp\libc.a(lib_a-ctype_.o)
 .ARM.attributes
                0x00000dae       0x22 c:/maxim/toolchain/bin/../lib/gcc/arm-none-eabi/6.3.1/thumb/v7e-m/fpv4-sp/softfp\libgcc.a(_arm_addsubdf3.o)
 .ARM.attributes
                0x00000dd0       0x22 c:/maxim/toolchain/bin/../lib/gcc/arm-none-eabi/6.3.1/thumb/v7e-m/fpv4-sp/softfp\libgcc.a(_arm_muldivdf3.o)
 .ARM.attributes
                0x00000df2       0x22 c:/maxim/toolchain/bin/../lib/gcc/arm-none-eabi/6.3.1/thumb/v7e-m/fpv4-sp/softfp\libgcc.a(_arm_cmpdf2.o)
 .ARM.attributes
                0x00000e14       0x22 c:/maxim/toolchain/bin/../lib/gcc/arm-none-eabi/6.3.1/thumb/v7e-m/fpv4-sp/softfp\libgcc.a(_arm_unorddf2.o)
 .ARM.attributes
                0x00000e36       0x22 c:/maxim/toolchain/bin/../lib/gcc/arm-none-eabi/6.3.1/thumb/v7e-m/fpv4-sp/softfp\libgcc.a(_arm_fixdfsi.o)
 .ARM.attributes
                0x00000e58       0x22 c:/maxim/toolchain/bin/../lib/gcc/arm-none-eabi/6.3.1/thumb/v7e-m/fpv4-sp/softfp\libgcc.a(_aeabi_uldivmod.o)
 .ARM.attributes
                0x00000e7a       0x32 c:/maxim/toolchain/bin/../lib/gcc/arm-none-eabi/6.3.1/thumb/v7e-m/fpv4-sp/softfp\libgcc.a(_udivmoddi4.o)
 .ARM.attributes
                0x00000eac       0x22 c:/maxim/toolchain/bin/../lib/gcc/arm-none-eabi/6.3.1/thumb/v7e-m/fpv4-sp/softfp\libgcc.a(_dvmd_tls.o)
 .ARM.attributes
                0x00000ece       0x32 c:/maxim/toolchain/bin/../lib/gcc/arm-none-eabi/6.3.1/thumb/v7e-m/fpv4-sp/softfp/crtend.o
 .ARM.attributes
                0x00000f00       0x22 c:/maxim/toolchain/bin/../lib/gcc/arm-none-eabi/6.3.1/thumb/v7e-m/fpv4-sp/softfp/crtn.o

.comment        0x00000000       0x7f
 .comment       0x00000000       0x7f c:/Users/brian.hindman/Documents/svnWorkspace/CDCACM_Serial_Demo/trunk/build/main.o
                                 0x80 (size before relaxing)
 .comment       0x0000007f       0x80 c:/Users/brian.hindman/Documents/svnWorkspace/CDCACM_Serial_Demo/trunk/build/board.o
 .comment       0x0000007f       0x80 c:/Users/brian.hindman/Documents/svnWorkspace/CDCACM_Serial_Demo/trunk/build/stdio.o
 .comment       0x0000007f       0x80 c:/Users/brian.hindman/Documents/svnWorkspace/CDCACM_Serial_Demo/trunk/build/led.o
 .comment       0x0000007f       0x80 c:/Users/brian.hindman/Documents/svnWorkspace/CDCACM_Serial_Demo/trunk/build/pb.o
 .comment       0x0000007f       0x80 c:/Users/brian.hindman/Documents/svnWorkspace/CDCACM_Serial_Demo/trunk/build/heap.o
 .comment       0x0000007f       0x80 c:/Users/brian.hindman/Documents/svnWorkspace/CDCACM_Serial_Demo/trunk/build/system_max32620.o
 .comment       0x0000007f       0x80 c:/Users/brian.hindman/Documents/svnWorkspace/CDCACM_Serial_Demo/trunk/build/PeriphDriver/PeriphDriver.a(gpio.o)
 .comment       0x0000007f       0x80 c:/Users/brian.hindman/Documents/svnWorkspace/CDCACM_Serial_Demo/trunk/build/PeriphDriver/PeriphDriver.a(lp.o)
 .comment       0x0000007f       0x80 c:/Users/brian.hindman/Documents/svnWorkspace/CDCACM_Serial_Demo/trunk/build/PeriphDriver/PeriphDriver.a(mxc_sys.o)
 .comment       0x0000007f       0x80 c:/Users/brian.hindman/Documents/svnWorkspace/CDCACM_Serial_Demo/trunk/build/PeriphDriver/PeriphDriver.a(uart.o)
 .comment       0x0000007f       0x80 c:/Users/brian.hindman/Documents/svnWorkspace/CDCACM_Serial_Demo/trunk/build/PeriphDriver/PeriphDriver.a(clkman.o)
 .comment       0x0000007f       0x80 c:/Users/brian.hindman/Documents/svnWorkspace/CDCACM_Serial_Demo/trunk/build/PeriphDriver/PeriphDriver.a(ioman.o)
 .comment       0x0000007f       0x80 c:/Users/brian.hindman/Documents/svnWorkspace/CDCACM_Serial_Demo/trunk/build/PeriphDriver/PeriphDriver.a(mxc_lock.o)
 .comment       0x0000007f       0x80 c:/Users/brian.hindman/Documents/svnWorkspace/CDCACM_Serial_Demo/trunk/build/MAXUSB/maxusb.a(usb.o)
 .comment       0x0000007f       0x80 c:/Users/brian.hindman/Documents/svnWorkspace/CDCACM_Serial_Demo/trunk/build/MAXUSB/maxusb.a(usb_event.o)
 .comment       0x0000007f       0x80 c:/Users/brian.hindman/Documents/svnWorkspace/CDCACM_Serial_Demo/trunk/build/MAXUSB/maxusb.a(enumerate.o)
 .comment       0x0000007f       0x80 c:/Users/brian.hindman/Documents/svnWorkspace/CDCACM_Serial_Demo/trunk/build/MAXUSB/maxusb.a(cdc_acm.o)
 .comment       0x0000007f       0x80 c:/Users/brian.hindman/Documents/svnWorkspace/CDCACM_Serial_Demo/trunk/build/MAXUSB/maxusb.a(fifo.o)

.debug_info     0x00000000    0x1402a
 .debug_info    0x00000000     0x2cbf c:/Users/brian.hindman/Documents/svnWorkspace/CDCACM_Serial_Demo/trunk/build/main.o
 .debug_info    0x00002cbf     0x164a c:/Users/brian.hindman/Documents/svnWorkspace/CDCACM_Serial_Demo/trunk/build/board.o
 .debug_info    0x00004309     0x166e c:/Users/brian.hindman/Documents/svnWorkspace/CDCACM_Serial_Demo/trunk/build/stdio.o
 .debug_info    0x00005977      0x96d c:/Users/brian.hindman/Documents/svnWorkspace/CDCACM_Serial_Demo/trunk/build/led.o
 .debug_info    0x000062e4      0x8a4 c:/Users/brian.hindman/Documents/svnWorkspace/CDCACM_Serial_Demo/trunk/build/pb.o
 .debug_info    0x00006b88      0x98d c:/Users/brian.hindman/Documents/svnWorkspace/CDCACM_Serial_Demo/trunk/build/heap.o
 .debug_info    0x00007515     0x1591 c:/Users/brian.hindman/Documents/svnWorkspace/CDCACM_Serial_Demo/trunk/build/system_max32620.o
 .debug_info    0x00008aa6      0x64c c:/Users/brian.hindman/Documents/svnWorkspace/CDCACM_Serial_Demo/trunk/build/PeriphDriver/PeriphDriver.a(gpio.o)
 .debug_info    0x000090f2      0xc54 c:/Users/brian.hindman/Documents/svnWorkspace/CDCACM_Serial_Demo/trunk/build/PeriphDriver/PeriphDriver.a(lp.o)
 .debug_info    0x00009d46     0x293a c:/Users/brian.hindman/Documents/svnWorkspace/CDCACM_Serial_Demo/trunk/build/PeriphDriver/PeriphDriver.a(mxc_sys.o)
 .debug_info    0x0000c680     0x1a89 c:/Users/brian.hindman/Documents/svnWorkspace/CDCACM_Serial_Demo/trunk/build/PeriphDriver/PeriphDriver.a(uart.o)
 .debug_info    0x0000e109      0x77f c:/Users/brian.hindman/Documents/svnWorkspace/CDCACM_Serial_Demo/trunk/build/PeriphDriver/PeriphDriver.a(clkman.o)
 .debug_info    0x0000e888      0x8f7 c:/Users/brian.hindman/Documents/svnWorkspace/CDCACM_Serial_Demo/trunk/build/PeriphDriver/PeriphDriver.a(ioman.o)
 .debug_info    0x0000f17f      0x211 c:/Users/brian.hindman/Documents/svnWorkspace/CDCACM_Serial_Demo/trunk/build/PeriphDriver/PeriphDriver.a(mxc_lock.o)
 .debug_info    0x0000f390     0x1456 c:/Users/brian.hindman/Documents/svnWorkspace/CDCACM_Serial_Demo/trunk/build/MAXUSB/maxusb.a(usb.o)
 .debug_info    0x000107e6      0xbf5 c:/Users/brian.hindman/Documents/svnWorkspace/CDCACM_Serial_Demo/trunk/build/MAXUSB/maxusb.a(usb_event.o)
 .debug_info    0x000113db     0x1310 c:/Users/brian.hindman/Documents/svnWorkspace/CDCACM_Serial_Demo/trunk/build/MAXUSB/maxusb.a(enumerate.o)
 .debug_info    0x000126eb     0x14d7 c:/Users/brian.hindman/Documents/svnWorkspace/CDCACM_Serial_Demo/trunk/build/MAXUSB/maxusb.a(cdc_acm.o)
 .debug_info    0x00013bc2      0x468 c:/Users/brian.hindman/Documents/svnWorkspace/CDCACM_Serial_Demo/trunk/build/MAXUSB/maxusb.a(fifo.o)

.debug_abbrev   0x00000000     0x363f
 .debug_abbrev  0x00000000      0x505 c:/Users/brian.hindman/Documents/svnWorkspace/CDCACM_Serial_Demo/trunk/build/main.o
 .debug_abbrev  0x00000505      0x309 c:/Users/brian.hindman/Documents/svnWorkspace/CDCACM_Serial_Demo/trunk/build/board.o
 .debug_abbrev  0x0000080e      0x355 c:/Users/brian.hindman/Documents/svnWorkspace/CDCACM_Serial_Demo/trunk/build/stdio.o
 .debug_abbrev  0x00000b63      0x202 c:/Users/brian.hindman/Documents/svnWorkspace/CDCACM_Serial_Demo/trunk/build/led.o
 .debug_abbrev  0x00000d65      0x27a c:/Users/brian.hindman/Documents/svnWorkspace/CDCACM_Serial_Demo/trunk/build/pb.o
 .debug_abbrev  0x00000fdf      0x1fa c:/Users/brian.hindman/Documents/svnWorkspace/CDCACM_Serial_Demo/trunk/build/heap.o
 .debug_abbrev  0x000011d9      0x2b5 c:/Users/brian.hindman/Documents/svnWorkspace/CDCACM_Serial_Demo/trunk/build/system_max32620.o
 .debug_abbrev  0x0000148e      0x267 c:/Users/brian.hindman/Documents/svnWorkspace/CDCACM_Serial_Demo/trunk/build/PeriphDriver/PeriphDriver.a(gpio.o)
 .debug_abbrev  0x000016f5      0x24b c:/Users/brian.hindman/Documents/svnWorkspace/CDCACM_Serial_Demo/trunk/build/PeriphDriver/PeriphDriver.a(lp.o)
 .debug_abbrev  0x00001940      0x454 c:/Users/brian.hindman/Documents/svnWorkspace/CDCACM_Serial_Demo/trunk/build/PeriphDriver/PeriphDriver.a(mxc_sys.o)
 .debug_abbrev  0x00001d94      0x404 c:/Users/brian.hindman/Documents/svnWorkspace/CDCACM_Serial_Demo/trunk/build/PeriphDriver/PeriphDriver.a(uart.o)
 .debug_abbrev  0x00002198      0x1ab c:/Users/brian.hindman/Documents/svnWorkspace/CDCACM_Serial_Demo/trunk/build/PeriphDriver/PeriphDriver.a(clkman.o)
 .debug_abbrev  0x00002343      0x162 c:/Users/brian.hindman/Documents/svnWorkspace/CDCACM_Serial_Demo/trunk/build/PeriphDriver/PeriphDriver.a(ioman.o)
 .debug_abbrev  0x000024a5      0x135 c:/Users/brian.hindman/Documents/svnWorkspace/CDCACM_Serial_Demo/trunk/build/PeriphDriver/PeriphDriver.a(mxc_lock.o)
 .debug_abbrev  0x000025da      0x476 c:/Users/brian.hindman/Documents/svnWorkspace/CDCACM_Serial_Demo/trunk/build/MAXUSB/maxusb.a(usb.o)